Copyright 1986-2022 Xilinx, Inc. All Rights Reserved. Copyright 2022-2025 Advanced Micro Devices, Inc. All Rights Reserved.
-----------------------------------------------------------------------------------------------------------------------------------------------------------------------------------
| Tool Version : Vivado v.2025.2 (lin64) Build 6299465 Fri Nov 14 12:34:56 MST 2025
| Date         : Tue Jun  9 18:50:41 2026
| Host         : kompik running 64-bit Ubuntu 26.04 LTS
| Command      : report_timing_summary -file /home/z3tm4n/diss-work/chapter4-risk-limited-scrubber/results/vivado_ooc/runs/period_scheduler_133p333MHz/timing_period_scheduler.rpt
| Design       : period_scheduler
| Device       : 7a200t-fbg484
| Speed File   : -2  PRODUCTION 1.23 2018-06-13
| Design State : Routed
-----------------------------------------------------------------------------------------------------------------------------------------------------------------------------------

Timing Summary Report

------------------------------------------------------------------------------------------------
| Timer Settings
| --------------
------------------------------------------------------------------------------------------------

  Enable Multi Corner Analysis               :  Yes
  Enable Pessimism Removal                   :  Yes
  Pessimism Removal Resolution               :  Nearest Common Node
  Enable Input Delay Default Clock           :  No
  Enable Preset / Clear Arcs                 :  No
  Disable Flight Delays                      :  No
  Ignore I/O Paths                           :  No
  Timing Early Launch at Borrowing Latches   :  No
  Borrow Time for Max Delay Exceptions       :  Yes
  Merge Timing Exceptions                    :  Yes
  Inter-SLR Compensation                     :  Conservative

  Corner  Analyze    Analyze    
  Name    Max Paths  Min Paths  
  ------  ---------  ---------  
  Slow    Yes        Yes        
  Fast    Yes        Yes        


------------------------------------------------------------------------------------------------
| Report Methodology
| ------------------
------------------------------------------------------------------------------------------------

No report available as report_methodology has not been run prior. Run report_methodology on the current design for the summary of methodology violations.



check_timing report

Table of Contents
-----------------
1. checking no_clock (0)
2. checking constant_clock (0)
3. checking pulse_width_clock (0)
4. checking unconstrained_internal_endpoints (0)
5. checking no_input_delay (8)
6. checking no_output_delay (83)
7. checking multiple_clock (0)
8. checking generated_clocks (0)
9. checking loops (0)
10. checking partial_input_delay (0)
11. checking partial_output_delay (0)
12. checking latch_loops (0)

1. checking no_clock (0)
------------------------
 There are 0 register/latch pins with no clock.


2. checking constant_clock (0)
------------------------------
 There are 0 register/latch pins with constant_clock.


3. checking pulse_width_clock (0)
---------------------------------
 There are 0 register/latch pins which need pulse_width check


4. checking unconstrained_internal_endpoints (0)
------------------------------------------------
 There are 0 pins that are not constrained for maximum delay.

 There are 0 pins that are not constrained for maximum delay due to constant clock.


5. checking no_input_delay (8)
------------------------------
 There are 8 input ports with no input delay specified. (HIGH)

 There are 0 input ports with no input delay but user has a false path constraint.


6. checking no_output_delay (83)
--------------------------------
 There are 83 ports with no output delay specified. (HIGH)

 There are 0 ports with no output delay but user has a false path constraint

 There are 0 ports with no output delay but with a timing clock defined on it or propagating through it


7. checking multiple_clock (0)
------------------------------
 There are 0 register/latch pins with multiple clocks.


8. checking generated_clocks (0)
--------------------------------
 There are 0 generated clocks that are not connected to a clock source.


9. checking loops (0)
---------------------
 There are 0 combinational loops in the design.


10. checking partial_input_delay (0)
------------------------------------
 There are 0 input ports with partial input delay specified.


11. checking partial_output_delay (0)
-------------------------------------
 There are 0 ports with partial output delay specified.


12. checking latch_loops (0)
----------------------------
 There are 0 combinational latch loops in the design through latch input



------------------------------------------------------------------------------------------------
| Design Timing Summary
| ---------------------
------------------------------------------------------------------------------------------------

    WNS(ns)      TNS(ns)  TNS Failing Endpoints  TNS Total Endpoints      WHS(ns)      THS(ns)  THS Failing Endpoints  THS Total Endpoints     WPWS(ns)     TPWS(ns)  TPWS Failing Endpoints  TPWS Total Endpoints  
    -------      -------  ---------------------  -------------------      -------      -------  ---------------------  -------------------     --------     --------  ----------------------  --------------------  
      2.366        0.000                      0                  285        0.230        0.000                      0                  285        3.250        0.000                       0                   148  


All user specified timing constraints are met.


------------------------------------------------------------------------------------------------
| Clock Summary
| -------------
------------------------------------------------------------------------------------------------

Clock  Waveform(ns)         Period(ns)      Frequency(MHz)
-----  ------------         ----------      --------------
clk    {0.000 3.750}        7.500           133.333         


------------------------------------------------------------------------------------------------
| Intra Clock Table
| -----------------
------------------------------------------------------------------------------------------------

Clock             WNS(ns)      TNS(ns)  TNS Failing Endpoints  TNS Total Endpoints      WHS(ns)      THS(ns)  THS Failing Endpoints  THS Total Endpoints     WPWS(ns)     TPWS(ns)  TPWS Failing Endpoints  TPWS Total Endpoints  
-----             -------      -------  ---------------------  -------------------      -------      -------  ---------------------  -------------------     --------     --------  ----------------------  --------------------  
clk                 2.366        0.000                      0                  285        0.230        0.000                      0                  285        3.250        0.000                       0                   148  


------------------------------------------------------------------------------------------------
| Inter Clock Table
| -----------------
------------------------------------------------------------------------------------------------

From Clock    To Clock          WNS(ns)      TNS(ns)  TNS Failing Endpoints  TNS Total Endpoints      WHS(ns)      THS(ns)  THS Failing Endpoints  THS Total Endpoints  
----------    --------          -------      -------  ---------------------  -------------------      -------      -------  ---------------------  -------------------  


------------------------------------------------------------------------------------------------
| Other Path Groups Table
| -----------------------
------------------------------------------------------------------------------------------------

Path Group    From Clock    To Clock          WNS(ns)      TNS(ns)  TNS Failing Endpoints  TNS Total Endpoints      WHS(ns)      THS(ns)  THS Failing Endpoints  THS Total Endpoints  
----------    ----------    --------          -------      -------  ---------------------  -------------------      -------      -------  ---------------------  -------------------  


------------------------------------------------------------------------------------------------
| Timing Details
| --------------
------------------------------------------------------------------------------------------------


---------------------------------------------------------------------------------------------------
From Clock:  clk
  To Clock:  clk

Setup :            0  Failing Endpoints,  Worst Slack        2.366ns,  Total Violation        0.000ns
Hold  :            0  Failing Endpoints,  Worst Slack        0.230ns,  Total Violation        0.000ns
PW    :            0  Failing Endpoints,  Worst Slack        3.250ns,  Total Violation        0.000ns
---------------------------------------------------------------------------------------------------


Max Delay Paths
--------------------------------------------------------------------------------------
Slack (MET) :             2.366ns  (required time - arrival time)
  Source:                 commanded_period_index_reg[3]/C
                            (rising edge-triggered cell FDCE clocked by clk  {rise@0.000ns fall@3.750ns period=7.500ns})
  Destination:            wait_counter_reg[30]/D
                            (rising edge-triggered cell FDCE clocked by clk  {rise@0.000ns fall@3.750ns period=7.500ns})
  Path Group:             clk
  Path Type:              Setup (Max at Slow Process Corner)
  Requirement:            7.500ns  (clk rise@7.500ns - clk rise@0.000ns)
  Data Path Delay:        5.091ns  (logic 1.563ns (30.700%)  route 3.528ns (69.300%))
  Logic Levels:           7  (CARRY4=4 LUT4=2 LUT5=1)
  Clock Path Skew:        -0.039ns (DCD - SCD + CPR)
    Destination Clock Delay (DCD):    0.748ns = ( 8.248 - 7.500 ) 
    Source Clock Delay      (SCD):    0.787ns
    Clock Pessimism Removal (CPR):    0.000ns
  Clock Uncertainty:      0.035ns  ((TSJ^2 + TIJ^2)^1/2 + DJ) / 2 + PE
    Total System Jitter     (TSJ):    0.071ns
    Total Input Jitter      (TIJ):    0.000ns
    Discrete Jitter          (DJ):    0.000ns
    Phase Error              (PE):    0.000ns

    Location             Delay type                Incr(ns)  Path(ns)    Netlist Resource(s)
  -------------------------------------------------------------------    -------------------
                         (clock clk rise edge)        0.000     0.000 r  
                                                      0.000     0.000 r  clk (IN)
                         net (fo=147, unset)          0.787     0.787    clk
    SLICE_X16Y108        FDCE                                         r  commanded_period_index_reg[3]/C
  -------------------------------------------------------------------    -------------------
    SLICE_X16Y108        FDCE (Prop_fdce_C_Q)         0.398     1.185 r  commanded_period_index_reg[3]/Q
                         net (fo=33, routed)          1.680     2.865    index[3]
    SLICE_X16Y109        LUT5 (Prop_lut5_I3_O)        0.232     3.097 r  selected_period_cycles[0]_INST_0/O
                         net (fo=3, routed)           0.569     3.666    selected_period_cycles[0]
    SLICE_X16Y110        LUT4 (Prop_lut4_I2_O)        0.105     3.771 r  wait_counter[31]_i_40/O
                         net (fo=1, routed)           0.000     3.771    wait_counter[31]_i_40_n_0
    SLICE_X16Y110        CARRY4 (Prop_carry4_S[0]_CO[3])
                                                      0.423     4.194 r  wait_counter_reg[31]_i_26/CO[3]
                         net (fo=1, routed)           0.000     4.194    wait_counter_reg[31]_i_26_n_0
    SLICE_X16Y111        CARRY4 (Prop_carry4_CI_CO[3])
                                                      0.100     4.294 r  wait_counter_reg[31]_i_21/CO[3]
                         net (fo=1, routed)           0.000     4.294    wait_counter_reg[31]_i_21_n_0
    SLICE_X16Y112        CARRY4 (Prop_carry4_CI_CO[3])
                                                      0.100     4.394 r  wait_counter_reg[31]_i_9/CO[3]
                         net (fo=1, routed)           0.000     4.394    wait_counter_reg[31]_i_9_n_0
    SLICE_X16Y113        CARRY4 (Prop_carry4_CI_CO[3])
                                                      0.100     4.494 r  wait_counter_reg[31]_i_4/CO[3]
                         net (fo=32, routed)          1.279     5.773    compensated_wait_cycles1
    SLICE_X21Y116        LUT4 (Prop_lut4_I0_O)        0.105     5.878 r  wait_counter[30]_i_1/O
                         net (fo=1, routed)           0.000     5.878    wait_counter[30]_i_1_n_0
    SLICE_X21Y116        FDCE                                         r  wait_counter_reg[30]/D
  -------------------------------------------------------------------    -------------------

                         (clock clk rise edge)        7.500     7.500 r  
                                                      0.000     7.500 r  clk (IN)
                         net (fo=147, unset)          0.748     8.248    clk
    SLICE_X21Y116        FDCE                                         r  wait_counter_reg[30]/C
                         clock pessimism              0.000     8.248    
                         clock uncertainty           -0.035     8.212    
    SLICE_X21Y116        FDCE (Setup_fdce_C_D)        0.032     8.244    wait_counter_reg[30]
  -------------------------------------------------------------------
                         required time                          8.244    
                         arrival time                          -5.878    
  -------------------------------------------------------------------
                         slack                                  2.366    





Min Delay Paths
--------------------------------------------------------------------------------------
Slack (MET) :             0.230ns  (arrival time - required time)
  Source:                 safe_mode_entry_count_reg[11]/C
                            (rising edge-triggered cell FDCE clocked by clk  {rise@0.000ns fall@3.750ns period=7.500ns})
  Destination:            safe_mode_entry_count_reg[11]/D
                            (rising edge-triggered cell FDCE clocked by clk  {rise@0.000ns fall@3.750ns period=7.500ns})
  Path Group:             clk
  Path Type:              Hold (Min at Fast Process Corner)
  Requirement:            0.000ns  (clk rise@0.000ns - clk rise@0.000ns)
  Data Path Delay:        0.356ns  (logic 0.249ns (70.029%)  route 0.107ns (29.971%))
  Logic Levels:           1  (CARRY4=1)
  Clock Path Skew:        0.021ns (DCD - SCD - CPR)
    Destination Clock Delay (DCD):    0.411ns
    Source Clock Delay      (SCD):    0.390ns
    Clock Pessimism Removal (CPR):    -0.000ns

    Location             Delay type                Incr(ns)  Path(ns)    Netlist Resource(s)
  -------------------------------------------------------------------    -------------------
                         (clock clk rise edge)        0.000     0.000 r  
                                                      0.000     0.000 r  clk (IN)
                         net (fo=147, unset)          0.390     0.390    clk
    SLICE_X15Y110        FDCE                                         r  safe_mode_entry_count_reg[11]/C
  -------------------------------------------------------------------    -------------------
    SLICE_X15Y110        FDCE (Prop_fdce_C_Q)         0.141     0.531 r  safe_mode_entry_count_reg[11]/Q
                         net (fo=1, routed)           0.107     0.638    safe_mode_entry_count[11]
    SLICE_X15Y110        CARRY4 (Prop_carry4_S[3]_O[3])
                                                      0.108     0.746 r  safe_mode_entry_count_reg[11]_i_1/O[3]
                         net (fo=1, routed)           0.000     0.746    safe_mode_entry_count_reg[11]_i_1_n_4
    SLICE_X15Y110        FDCE                                         r  safe_mode_entry_count_reg[11]/D
  -------------------------------------------------------------------    -------------------

                         (clock clk rise edge)        0.000     0.000 r  
                                                      0.000     0.000 r  clk (IN)
                         net (fo=147, unset)          0.411     0.411    clk
    SLICE_X15Y110        FDCE                                         r  safe_mode_entry_count_reg[11]/C
                         clock pessimism              0.000     0.411    
    SLICE_X15Y110        FDCE (Hold_fdce_C_D)         0.105     0.516    safe_mode_entry_count_reg[11]
  -------------------------------------------------------------------
                         required time                         -0.516    
                         arrival time                           0.746    
  -------------------------------------------------------------------
                         slack                                  0.230    





Pulse Width Checks
--------------------------------------------------------------------------------------
Clock Name:         clk
Waveform(ns):       { 0.000 3.750 }
Period(ns):         7.500
Sources:            { clk }

Check Type        Corner  Lib Pin  Reference Pin  Required(ns)  Actual(ns)  Slack(ns)  Location       Pin
Min Period        n/a     FDCE/C   n/a            1.000         7.500       6.500      SLICE_X14Y109  commanded_period_index_reg[0]/C
Low Pulse Width   Slow    FDCE/C   n/a            0.500         3.750       3.250      SLICE_X14Y109  commanded_period_index_reg[0]/C
High Pulse Width  Slow    FDCE/C   n/a            0.500         3.750       3.250      SLICE_X14Y109  commanded_period_index_reg[0]/C



