Copyright 1986-2022 Xilinx, Inc. All Rights Reserved. Copyright 2022-2025 Advanced Micro Devices, Inc. All Rights Reserved.
-----------------------------------------------------------------------------------------------------------------------------------------------------------------------------------------------------------------
| Tool Version : Vivado v.2025.2 (lin64) Build 6299465 Fri Nov 14 12:34:56 MST 2025
| Date         : Tue Jun  9 19:12:56 2026
| Host         : kompik running 64-bit Ubuntu 26.04 LTS
| Command      : report_timing_summary -file /home/z3tm4n/diss-work/chapter4-risk-limited-scrubber/results/vivado_ooc/runs/measured_error_scrub_controller_250p000MHz/timing_measured_error_scrub_controller.rpt
| Design       : measured_error_scrub_controller
| Device       : 7a200t-fbg484
| Speed File   : -2  PRODUCTION 1.23 2018-06-13
| Design State : Routed
-----------------------------------------------------------------------------------------------------------------------------------------------------------------------------------------------------------------

Timing Summary Report

------------------------------------------------------------------------------------------------
| Timer Settings
| --------------
------------------------------------------------------------------------------------------------

  Enable Multi Corner Analysis               :  Yes
  Enable Pessimism Removal                   :  Yes
  Pessimism Removal Resolution               :  Nearest Common Node
  Enable Input Delay Default Clock           :  No
  Enable Preset / Clear Arcs                 :  No
  Disable Flight Delays                      :  No
  Ignore I/O Paths                           :  No
  Timing Early Launch at Borrowing Latches   :  No
  Borrow Time for Max Delay Exceptions       :  Yes
  Merge Timing Exceptions                    :  Yes
  Inter-SLR Compensation                     :  Conservative

  Corner  Analyze    Analyze    
  Name    Max Paths  Min Paths  
  ------  ---------  ---------  
  Slow    Yes        Yes        
  Fast    Yes        Yes        


------------------------------------------------------------------------------------------------
| Report Methodology
| ------------------
------------------------------------------------------------------------------------------------

No report available as report_methodology has not been run prior. Run report_methodology on the current design for the summary of methodology violations.



check_timing report

Table of Contents
-----------------
1. checking no_clock (0)
2. checking constant_clock (0)
3. checking pulse_width_clock (0)
4. checking unconstrained_internal_endpoints (0)
5. checking no_input_delay (43)
6. checking no_output_delay (476)
7. checking multiple_clock (0)
8. checking generated_clocks (0)
9. checking loops (0)
10. checking partial_input_delay (0)
11. checking partial_output_delay (0)
12. checking latch_loops (0)

1. checking no_clock (0)
------------------------
 There are 0 register/latch pins with no clock.


2. checking constant_clock (0)
------------------------------
 There are 0 register/latch pins with constant_clock.


3. checking pulse_width_clock (0)
---------------------------------
 There are 0 register/latch pins which need pulse_width check


4. checking unconstrained_internal_endpoints (0)
------------------------------------------------
 There are 0 pins that are not constrained for maximum delay.

 There are 0 pins that are not constrained for maximum delay due to constant clock.


5. checking no_input_delay (43)
-------------------------------
 There are 43 input ports with no input delay specified. (HIGH)

 There are 0 input ports with no input delay but user has a false path constraint.


6. checking no_output_delay (476)
---------------------------------
 There are 476 ports with no output delay specified. (HIGH)

 There are 0 ports with no output delay but user has a false path constraint

 There are 0 ports with no output delay but with a timing clock defined on it or propagating through it


7. checking multiple_clock (0)
------------------------------
 There are 0 register/latch pins with multiple clocks.


8. checking generated_clocks (0)
--------------------------------
 There are 0 generated clocks that are not connected to a clock source.


9. checking loops (0)
---------------------
 There are 0 combinational loops in the design.


10. checking partial_input_delay (0)
------------------------------------
 There are 0 input ports with partial input delay specified.


11. checking partial_output_delay (0)
-------------------------------------
 There are 0 ports with partial output delay specified.


12. checking latch_loops (0)
----------------------------
 There are 0 combinational latch loops in the design through latch input



------------------------------------------------------------------------------------------------
| Design Timing Summary
| ---------------------
------------------------------------------------------------------------------------------------

    WNS(ns)      TNS(ns)  TNS Failing Endpoints  TNS Total Endpoints      WHS(ns)      THS(ns)  THS Failing Endpoints  THS Total Endpoints     WPWS(ns)     TPWS(ns)  TPWS Failing Endpoints  TPWS Total Endpoints  
    -------      -------  ---------------------  -------------------      -------      -------  ---------------------  -------------------     --------     --------  ----------------------  --------------------  
     -1.769     -639.699                    538                 1880        0.189        0.000                      0                 1880        1.500        0.000                       0                   957  


Timing constraints are not met.


------------------------------------------------------------------------------------------------
| Clock Summary
| -------------
------------------------------------------------------------------------------------------------

Clock  Waveform(ns)         Period(ns)      Frequency(MHz)
-----  ------------         ----------      --------------
clk    {0.000 2.000}        4.000           250.000         


------------------------------------------------------------------------------------------------
| Intra Clock Table
| -----------------
------------------------------------------------------------------------------------------------

Clock             WNS(ns)      TNS(ns)  TNS Failing Endpoints  TNS Total Endpoints      WHS(ns)      THS(ns)  THS Failing Endpoints  THS Total Endpoints     WPWS(ns)     TPWS(ns)  TPWS Failing Endpoints  TPWS Total Endpoints  
-----             -------      -------  ---------------------  -------------------      -------      -------  ---------------------  -------------------     --------     --------  ----------------------  --------------------  
clk                -1.769     -639.699                    538                 1880        0.189        0.000                      0                 1880        1.500        0.000                       0                   957  


------------------------------------------------------------------------------------------------
| Inter Clock Table
| -----------------
------------------------------------------------------------------------------------------------

From Clock    To Clock          WNS(ns)      TNS(ns)  TNS Failing Endpoints  TNS Total Endpoints      WHS(ns)      THS(ns)  THS Failing Endpoints  THS Total Endpoints  
----------    --------          -------      -------  ---------------------  -------------------      -------      -------  ---------------------  -------------------  


------------------------------------------------------------------------------------------------
| Other Path Groups Table
| -----------------------
------------------------------------------------------------------------------------------------

Path Group    From Clock    To Clock          WNS(ns)      TNS(ns)  TNS Failing Endpoints  TNS Total Endpoints      WHS(ns)      THS(ns)  THS Failing Endpoints  THS Total Endpoints  
----------    ----------    --------          -------      -------  ---------------------  -------------------      -------      -------  ---------------------  -------------------  


------------------------------------------------------------------------------------------------
| Timing Details
| --------------
------------------------------------------------------------------------------------------------


---------------------------------------------------------------------------------------------------
From Clock:  clk
  To Clock:  clk

Setup :          538  Failing Endpoints,  Worst Slack       -1.769ns,  Total Violation     -639.699ns
Hold  :            0  Failing Endpoints,  Worst Slack        0.189ns,  Total Violation        0.000ns
PW    :            0  Failing Endpoints,  Worst Slack        1.500ns,  Total Violation        0.000ns
---------------------------------------------------------------------------------------------------


Max Delay Paths
--------------------------------------------------------------------------------------
Slack (VIOLATED) :        -1.769ns  (required time - arrival time)
  Source:                 controller/pass_engine/current_addr_reg[0]/C
                            (rising edge-triggered cell FDCE clocked by clk  {rise@0.000ns fall@2.000ns period=4.000ns})
  Destination:            controller/diagnostic/due_tracker_addr_reg[7][5]/CE
                            (rising edge-triggered cell FDCE clocked by clk  {rise@0.000ns fall@2.000ns period=4.000ns})
  Path Group:             clk
  Path Type:              Setup (Max at Slow Process Corner)
  Requirement:            4.000ns  (clk rise@4.000ns - clk rise@0.000ns)
  Data Path Delay:        5.526ns  (logic 1.665ns (30.129%)  route 3.861ns (69.871%))
  Logic Levels:           7  (CARRY4=2 LUT3=1 LUT4=2 LUT6=2)
  Clock Path Skew:        -0.039ns (DCD - SCD + CPR)
    Destination Clock Delay (DCD):    0.748ns = ( 4.748 - 4.000 ) 
    Source Clock Delay      (SCD):    0.787ns
    Clock Pessimism Removal (CPR):    0.000ns
  Clock Uncertainty:      0.035ns  ((TSJ^2 + TIJ^2)^1/2 + DJ) / 2 + PE
    Total System Jitter     (TSJ):    0.071ns
    Total Input Jitter      (TIJ):    0.000ns
    Discrete Jitter          (DJ):    0.000ns
    Phase Error              (PE):    0.000ns

    Location             Delay type                Incr(ns)  Path(ns)    Netlist Resource(s)
  -------------------------------------------------------------------    -------------------
                         (clock clk rise edge)        0.000     0.000 r  
                                                      0.000     0.000 r  clk (IN)
                         net (fo=956, unset)          0.787     0.787    controller/pass_engine/clk
    SLICE_X17Y105        FDCE                                         r  controller/pass_engine/current_addr_reg[0]/C
  -------------------------------------------------------------------    -------------------
    SLICE_X17Y105        FDCE (Prop_fdce_C_Q)         0.379     1.166 r  controller/pass_engine/current_addr_reg[0]/Q
                         net (fo=35, routed)          1.126     2.292    controller/diagnostic/due_tracker_addr_reg[15][20]_0[0]
    SLICE_X16Y99         LUT6 (Prop_lut6_I3_O)        0.105     2.397 r  controller/diagnostic/i__carry_i_4__5/O
                         net (fo=1, routed)           0.000     2.397    controller/diagnostic/i__carry_i_4__5_n_0
    SLICE_X16Y99         CARRY4 (Prop_carry4_S[0]_CO[3])
                                                      0.423     2.820 r  controller/diagnostic/due_tracker_hit2_inferred__6/i__carry/CO[3]
                         net (fo=1, routed)           0.001     2.821    controller/diagnostic/due_tracker_hit2_inferred__6/i__carry_n_0
    SLICE_X16Y100        CARRY4 (Prop_carry4_CI_CO[2])
                                                      0.191     3.012 f  controller/diagnostic/due_tracker_hit2_inferred__6/i__carry__0/CO[2]
                         net (fo=2, routed)           0.561     3.573    controller/diagnostic/due_tracker_hit26_out
    SLICE_X17Y104        LUT4 (Prop_lut4_I0_O)        0.252     3.825 f  controller/diagnostic/due_tracker_valid[15]_i_19/O
                         net (fo=1, routed)           0.620     4.445    controller/diagnostic/due_tracker_valid[15]_i_19_n_0
    SLICE_X11Y106        LUT4 (Prop_lut4_I3_O)        0.105     4.550 f  controller/diagnostic/due_tracker_valid[15]_i_10/O
                         net (fo=4, routed)           0.473     5.023    controller/diagnostic/due_tracker_valid[15]_i_10_n_0
    SLICE_X15Y107        LUT6 (Prop_lut6_I3_O)        0.105     5.128 f  controller/diagnostic/due_tracker_valid[7]_i_2/O
                         net (fo=8, routed)           0.280     5.409    controller/diagnostic/due_tracker_valid[7]_i_2_n_0
    SLICE_X16Y107        LUT3 (Prop_lut3_I2_O)        0.105     5.514 r  controller/diagnostic/due_tracker_addr[7][20]_i_1/O
                         net (fo=21, routed)          0.800     6.313    controller/diagnostic/due_tracker_addr[7][20]_i_1_n_0
    SLICE_X17Y99         FDCE                                         r  controller/diagnostic/due_tracker_addr_reg[7][5]/CE
  -------------------------------------------------------------------    -------------------

                         (clock clk rise edge)        4.000     4.000 r  
                                                      0.000     4.000 r  clk (IN)
                         net (fo=956, unset)          0.748     4.748    controller/diagnostic/clk
    SLICE_X17Y99         FDCE                                         r  controller/diagnostic/due_tracker_addr_reg[7][5]/C
                         clock pessimism              0.000     4.748    
                         clock uncertainty           -0.035     4.712    
    SLICE_X17Y99         FDCE (Setup_fdce_C_CE)      -0.168     4.544    controller/diagnostic/due_tracker_addr_reg[7][5]
  -------------------------------------------------------------------
                         required time                          4.544    
                         arrival time                          -6.313    
  -------------------------------------------------------------------
                         slack                                 -1.769    





Min Delay Paths
--------------------------------------------------------------------------------------
Slack (MET) :             0.189ns  (arrival time - required time)
  Source:                 estimator/quiet_pass_count_reg[0]/C
                            (rising edge-triggered cell FDCE clocked by clk  {rise@0.000ns fall@2.000ns period=4.000ns})
  Destination:            estimator/quiet_pass_count_reg[0]/D
                            (rising edge-triggered cell FDCE clocked by clk  {rise@0.000ns fall@2.000ns period=4.000ns})
  Path Group:             clk
  Path Type:              Hold (Min at Fast Process Corner)
  Requirement:            0.000ns  (clk rise@0.000ns - clk rise@0.000ns)
  Data Path Delay:        0.331ns  (logic 0.209ns (63.159%)  route 0.122ns (36.841%))
  Logic Levels:           1  (LUT5=1)
  Clock Path Skew:        0.021ns (DCD - SCD - CPR)
    Destination Clock Delay (DCD):    0.411ns
    Source Clock Delay      (SCD):    0.390ns
    Clock Pessimism Removal (CPR):    -0.000ns

    Location             Delay type                Incr(ns)  Path(ns)    Netlist Resource(s)
  -------------------------------------------------------------------    -------------------
                         (clock clk rise edge)        0.000     0.000 r  
                                                      0.000     0.000 r  clk (IN)
                         net (fo=956, unset)          0.390     0.390    estimator/clk
    SLICE_X14Y121        FDCE                                         r  estimator/quiet_pass_count_reg[0]/C
  -------------------------------------------------------------------    -------------------
    SLICE_X14Y121        FDCE (Prop_fdce_C_Q)         0.164     0.554 r  estimator/quiet_pass_count_reg[0]/Q
                         net (fo=2, routed)           0.122     0.676    estimator/measured_quiet_pass_count[0]
    SLICE_X14Y121        LUT5 (Prop_lut5_I4_O)        0.045     0.721 r  estimator/quiet_pass_count[0]_i_1/O
                         net (fo=1, routed)           0.000     0.721    estimator/quiet_pass_count[0]_i_1_n_0
    SLICE_X14Y121        FDCE                                         r  estimator/quiet_pass_count_reg[0]/D
  -------------------------------------------------------------------    -------------------

                         (clock clk rise edge)        0.000     0.000 r  
                                                      0.000     0.000 r  clk (IN)
                         net (fo=956, unset)          0.411     0.411    estimator/clk
    SLICE_X14Y121        FDCE                                         r  estimator/quiet_pass_count_reg[0]/C
                         clock pessimism              0.000     0.411    
    SLICE_X14Y121        FDCE (Hold_fdce_C_D)         0.121     0.532    estimator/quiet_pass_count_reg[0]
  -------------------------------------------------------------------
                         required time                         -0.532    
                         arrival time                           0.721    
  -------------------------------------------------------------------
                         slack                                  0.189    





Pulse Width Checks
--------------------------------------------------------------------------------------
Clock Name:         clk
Waveform(ns):       { 0.000 2.000 }
Period(ns):         4.000
Sources:            { clk }

Check Type        Corner  Lib Pin  Reference Pin  Required(ns)  Actual(ns)  Slack(ns)  Location      Pin
Min Period        n/a     FDCE/C   n/a            1.000         4.000       3.000      SLICE_X8Y105  controller/diagnostic/alert_event_count_reg[0]/C
Low Pulse Width   Slow    FDCE/C   n/a            0.500         2.000       1.500      SLICE_X8Y105  controller/diagnostic/alert_event_count_reg[0]/C
High Pulse Width  Slow    FDCE/C   n/a            0.500         2.000       1.500      SLICE_X8Y105  controller/diagnostic/alert_event_count_reg[0]/C



