Copyright 1986-2022 Xilinx, Inc. All Rights Reserved. Copyright 2022-2025 Advanced Micro Devices, Inc. All Rights Reserved.
-----------------------------------------------------------------------------------------------------------------------------------------------------------------------------------------------------------------
| Tool Version : Vivado v.2025.2 (lin64) Build 6299465 Fri Nov 14 12:34:56 MST 2025
| Date         : Tue Jun  9 19:11:06 2026
| Host         : kompik running 64-bit Ubuntu 26.04 LTS
| Command      : report_timing_summary -file /home/z3tm4n/diss-work/chapter4-risk-limited-scrubber/results/vivado_ooc/runs/measured_error_scrub_controller_200p000MHz/timing_measured_error_scrub_controller.rpt
| Design       : measured_error_scrub_controller
| Device       : 7a200t-fbg484
| Speed File   : -2  PRODUCTION 1.23 2018-06-13
| Design State : Routed
-----------------------------------------------------------------------------------------------------------------------------------------------------------------------------------------------------------------

Timing Summary Report

------------------------------------------------------------------------------------------------
| Timer Settings
| --------------
------------------------------------------------------------------------------------------------

  Enable Multi Corner Analysis               :  Yes
  Enable Pessimism Removal                   :  Yes
  Pessimism Removal Resolution               :  Nearest Common Node
  Enable Input Delay Default Clock           :  No
  Enable Preset / Clear Arcs                 :  No
  Disable Flight Delays                      :  No
  Ignore I/O Paths                           :  No
  Timing Early Launch at Borrowing Latches   :  No
  Borrow Time for Max Delay Exceptions       :  Yes
  Merge Timing Exceptions                    :  Yes
  Inter-SLR Compensation                     :  Conservative

  Corner  Analyze    Analyze    
  Name    Max Paths  Min Paths  
  ------  ---------  ---------  
  Slow    Yes        Yes        
  Fast    Yes        Yes        


------------------------------------------------------------------------------------------------
| Report Methodology
| ------------------
------------------------------------------------------------------------------------------------

No report available as report_methodology has not been run prior. Run report_methodology on the current design for the summary of methodology violations.



check_timing report

Table of Contents
-----------------
1. checking no_clock (0)
2. checking constant_clock (0)
3. checking pulse_width_clock (0)
4. checking unconstrained_internal_endpoints (0)
5. checking no_input_delay (43)
6. checking no_output_delay (476)
7. checking multiple_clock (0)
8. checking generated_clocks (0)
9. checking loops (0)
10. checking partial_input_delay (0)
11. checking partial_output_delay (0)
12. checking latch_loops (0)

1. checking no_clock (0)
------------------------
 There are 0 register/latch pins with no clock.


2. checking constant_clock (0)
------------------------------
 There are 0 register/latch pins with constant_clock.


3. checking pulse_width_clock (0)
---------------------------------
 There are 0 register/latch pins which need pulse_width check


4. checking unconstrained_internal_endpoints (0)
------------------------------------------------
 There are 0 pins that are not constrained for maximum delay.

 There are 0 pins that are not constrained for maximum delay due to constant clock.


5. checking no_input_delay (43)
-------------------------------
 There are 43 input ports with no input delay specified. (HIGH)

 There are 0 input ports with no input delay but user has a false path constraint.


6. checking no_output_delay (476)
---------------------------------
 There are 476 ports with no output delay specified. (HIGH)

 There are 0 ports with no output delay but user has a false path constraint

 There are 0 ports with no output delay but with a timing clock defined on it or propagating through it


7. checking multiple_clock (0)
------------------------------
 There are 0 register/latch pins with multiple clocks.


8. checking generated_clocks (0)
--------------------------------
 There are 0 generated clocks that are not connected to a clock source.


9. checking loops (0)
---------------------
 There are 0 combinational loops in the design.


10. checking partial_input_delay (0)
------------------------------------
 There are 0 input ports with partial input delay specified.


11. checking partial_output_delay (0)
-------------------------------------
 There are 0 ports with partial output delay specified.


12. checking latch_loops (0)
----------------------------
 There are 0 combinational latch loops in the design through latch input



------------------------------------------------------------------------------------------------
| Design Timing Summary
| ---------------------
------------------------------------------------------------------------------------------------

    WNS(ns)      TNS(ns)  TNS Failing Endpoints  TNS Total Endpoints      WHS(ns)      THS(ns)  THS Failing Endpoints  THS Total Endpoints     WPWS(ns)     TPWS(ns)  TPWS Failing Endpoints  TPWS Total Endpoints  
    -------      -------  ---------------------  -------------------      -------      -------  ---------------------  -------------------     --------     --------  ----------------------  --------------------  
     -0.523      -96.827                    389                 1880        0.185        0.000                      0                 1880        2.000        0.000                       0                   957  


Timing constraints are not met.


------------------------------------------------------------------------------------------------
| Clock Summary
| -------------
------------------------------------------------------------------------------------------------

Clock  Waveform(ns)         Period(ns)      Frequency(MHz)
-----  ------------         ----------      --------------
clk    {0.000 2.500}        5.000           200.000         


------------------------------------------------------------------------------------------------
| Intra Clock Table
| -----------------
------------------------------------------------------------------------------------------------

Clock             WNS(ns)      TNS(ns)  TNS Failing Endpoints  TNS Total Endpoints      WHS(ns)      THS(ns)  THS Failing Endpoints  THS Total Endpoints     WPWS(ns)     TPWS(ns)  TPWS Failing Endpoints  TPWS Total Endpoints  
-----             -------      -------  ---------------------  -------------------      -------      -------  ---------------------  -------------------     --------     --------  ----------------------  --------------------  
clk                -0.523      -96.827                    389                 1880        0.185        0.000                      0                 1880        2.000        0.000                       0                   957  


------------------------------------------------------------------------------------------------
| Inter Clock Table
| -----------------
------------------------------------------------------------------------------------------------

From Clock    To Clock          WNS(ns)      TNS(ns)  TNS Failing Endpoints  TNS Total Endpoints      WHS(ns)      THS(ns)  THS Failing Endpoints  THS Total Endpoints  
----------    --------          -------      -------  ---------------------  -------------------      -------      -------  ---------------------  -------------------  


------------------------------------------------------------------------------------------------
| Other Path Groups Table
| -----------------------
------------------------------------------------------------------------------------------------

Path Group    From Clock    To Clock          WNS(ns)      TNS(ns)  TNS Failing Endpoints  TNS Total Endpoints      WHS(ns)      THS(ns)  THS Failing Endpoints  THS Total Endpoints  
----------    ----------    --------          -------      -------  ---------------------  -------------------      -------      -------  ---------------------  -------------------  


------------------------------------------------------------------------------------------------
| Timing Details
| --------------
------------------------------------------------------------------------------------------------


---------------------------------------------------------------------------------------------------
From Clock:  clk
  To Clock:  clk

Setup :          389  Failing Endpoints,  Worst Slack       -0.523ns,  Total Violation      -96.827ns
Hold  :            0  Failing Endpoints,  Worst Slack        0.185ns,  Total Violation        0.000ns
PW    :            0  Failing Endpoints,  Worst Slack        2.000ns,  Total Violation        0.000ns
---------------------------------------------------------------------------------------------------


Max Delay Paths
--------------------------------------------------------------------------------------
Slack (VIOLATED) :        -0.523ns  (required time - arrival time)
  Source:                 controller/pass_engine/current_addr_reg[1]/C
                            (rising edge-triggered cell FDCE clocked by clk  {rise@0.000ns fall@2.500ns period=5.000ns})
  Destination:            controller/diagnostic/due_tracker_addr_reg[10][18]/CE
                            (rising edge-triggered cell FDCE clocked by clk  {rise@0.000ns fall@2.500ns period=5.000ns})
  Path Group:             clk
  Path Type:              Setup (Max at Slow Process Corner)
  Requirement:            5.000ns  (clk rise@5.000ns - clk rise@0.000ns)
  Data Path Delay:        5.313ns  (logic 1.690ns (31.812%)  route 3.623ns (68.188%))
  Logic Levels:           7  (CARRY4=2 LUT3=1 LUT4=2 LUT6=2)
  Clock Path Skew:        -0.039ns (DCD - SCD + CPR)
    Destination Clock Delay (DCD):    0.748ns = ( 5.748 - 5.000 ) 
    Source Clock Delay      (SCD):    0.787ns
    Clock Pessimism Removal (CPR):    0.000ns
  Clock Uncertainty:      0.035ns  ((TSJ^2 + TIJ^2)^1/2 + DJ) / 2 + PE
    Total System Jitter     (TSJ):    0.071ns
    Total Input Jitter      (TIJ):    0.000ns
    Discrete Jitter          (DJ):    0.000ns
    Phase Error              (PE):    0.000ns

    Location             Delay type                Incr(ns)  Path(ns)    Netlist Resource(s)
  -------------------------------------------------------------------    -------------------
                         (clock clk rise edge)        0.000     0.000 r  
                                                      0.000     0.000 r  clk (IN)
                         net (fo=956, unset)          0.787     0.787    controller/pass_engine/clk
    SLICE_X13Y88         FDCE                                         r  controller/pass_engine/current_addr_reg[1]/C
  -------------------------------------------------------------------    -------------------
    SLICE_X13Y88         FDCE (Prop_fdce_C_Q)         0.379     1.166 r  controller/pass_engine/current_addr_reg[1]/Q
                         net (fo=34, routed)          1.300     2.466    controller/diagnostic/due_tracker_addr_reg[15][20]_0[1]
    SLICE_X19Y95         LUT6 (Prop_lut6_I1_O)        0.105     2.571 r  controller/diagnostic/i__carry_i_4__8/O
                         net (fo=1, routed)           0.000     2.571    controller/diagnostic/i__carry_i_4__8_n_0
    SLICE_X19Y95         CARRY4 (Prop_carry4_S[0]_CO[3])
                                                      0.440     3.011 r  controller/diagnostic/due_tracker_hit2_inferred__9/i__carry/CO[3]
                         net (fo=1, routed)           0.000     3.011    controller/diagnostic/due_tracker_hit2_inferred__9/i__carry_n_0
    SLICE_X19Y96         CARRY4 (Prop_carry4_CI_CO[2])
                                                      0.190     3.201 f  controller/diagnostic/due_tracker_hit2_inferred__9/i__carry__0/CO[2]
                         net (fo=2, routed)           0.434     3.636    controller/diagnostic/due_tracker_hit29_out
    SLICE_X18Y96         LUT4 (Prop_lut4_I0_O)        0.261     3.897 f  controller/diagnostic/due_tracker_valid[15]_i_20/O
                         net (fo=1, routed)           0.463     4.360    controller/diagnostic/due_tracker_valid[15]_i_20_n_0
    SLICE_X17Y95         LUT4 (Prop_lut4_I1_O)        0.105     4.465 f  controller/diagnostic/due_tracker_valid[15]_i_11/O
                         net (fo=4, routed)           0.386     4.851    controller/diagnostic/due_tracker_valid[15]_i_11_n_0
    SLICE_X16Y95         LUT6 (Prop_lut6_I3_O)        0.105     4.956 f  controller/diagnostic/due_tracker_valid[11]_i_2/O
                         net (fo=8, routed)           0.459     5.415    controller/diagnostic/due_tracker_valid[11]_i_2_n_0
    SLICE_X17Y93         LUT3 (Prop_lut3_I2_O)        0.105     5.520 r  controller/diagnostic/due_tracker_addr[10][20]_i_1/O
                         net (fo=21, routed)          0.580     6.100    controller/diagnostic/due_tracker_addr[10][20]_i_1_n_0
    SLICE_X12Y86         FDCE                                         r  controller/diagnostic/due_tracker_addr_reg[10][18]/CE
  -------------------------------------------------------------------    -------------------

                         (clock clk rise edge)        5.000     5.000 r  
                                                      0.000     5.000 r  clk (IN)
                         net (fo=956, unset)          0.748     5.748    controller/diagnostic/clk
    SLICE_X12Y86         FDCE                                         r  controller/diagnostic/due_tracker_addr_reg[10][18]/C
                         clock pessimism              0.000     5.748    
                         clock uncertainty           -0.035     5.712    
    SLICE_X12Y86         FDCE (Setup_fdce_C_CE)      -0.136     5.576    controller/diagnostic/due_tracker_addr_reg[10][18]
  -------------------------------------------------------------------
                         required time                          5.576    
                         arrival time                          -6.100    
  -------------------------------------------------------------------
                         slack                                 -0.523    





Min Delay Paths
--------------------------------------------------------------------------------------
Slack (MET) :             0.185ns  (arrival time - required time)
  Source:                 controller/pass_engine/FSM_sequential_state_reg[0]/C
                            (rising edge-triggered cell FDCE clocked by clk  {rise@0.000ns fall@2.500ns period=5.000ns})
  Destination:            controller/pass_engine/FSM_sequential_state_reg[2]/D
                            (rising edge-triggered cell FDCE clocked by clk  {rise@0.000ns fall@2.500ns period=5.000ns})
  Path Group:             clk
  Path Type:              Hold (Min at Fast Process Corner)
  Requirement:            0.000ns  (clk rise@0.000ns - clk rise@0.000ns)
  Data Path Delay:        0.326ns  (logic 0.186ns (57.087%)  route 0.140ns (42.913%))
  Logic Levels:           1  (LUT4=1)
  Clock Path Skew:        0.021ns (DCD - SCD - CPR)
    Destination Clock Delay (DCD):    0.411ns
    Source Clock Delay      (SCD):    0.390ns
    Clock Pessimism Removal (CPR):    -0.000ns

    Location             Delay type                Incr(ns)  Path(ns)    Netlist Resource(s)
  -------------------------------------------------------------------    -------------------
                         (clock clk rise edge)        0.000     0.000 r  
                                                      0.000     0.000 r  clk (IN)
                         net (fo=956, unset)          0.390     0.390    controller/pass_engine/clk
    SLICE_X9Y98          FDCE                                         r  controller/pass_engine/FSM_sequential_state_reg[0]/C
  -------------------------------------------------------------------    -------------------
    SLICE_X9Y98          FDCE (Prop_fdce_C_Q)         0.141     0.531 r  controller/pass_engine/FSM_sequential_state_reg[0]/Q
                         net (fo=11, routed)          0.140     0.671    controller/pass_engine/state[0]
    SLICE_X8Y98          LUT4 (Prop_lut4_I2_O)        0.045     0.716 r  controller/pass_engine/FSM_sequential_state[2]_i_1/O
                         net (fo=1, routed)           0.000     0.716    controller/pass_engine/FSM_sequential_state[2]_i_1_n_0
    SLICE_X8Y98          FDCE                                         r  controller/pass_engine/FSM_sequential_state_reg[2]/D
  -------------------------------------------------------------------    -------------------

                         (clock clk rise edge)        0.000     0.000 r  
                                                      0.000     0.000 r  clk (IN)
                         net (fo=956, unset)          0.411     0.411    controller/pass_engine/clk
    SLICE_X8Y98          FDCE                                         r  controller/pass_engine/FSM_sequential_state_reg[2]/C
                         clock pessimism              0.000     0.411    
    SLICE_X8Y98          FDCE (Hold_fdce_C_D)         0.120     0.531    controller/pass_engine/FSM_sequential_state_reg[2]
  -------------------------------------------------------------------
                         required time                         -0.531    
                         arrival time                           0.716    
  -------------------------------------------------------------------
                         slack                                  0.185    





Pulse Width Checks
--------------------------------------------------------------------------------------
Clock Name:         clk
Waveform(ns):       { 0.000 2.500 }
Period(ns):         5.000
Sources:            { clk }

Check Type        Corner  Lib Pin  Reference Pin  Required(ns)  Actual(ns)  Slack(ns)  Location      Pin
Min Period        n/a     FDCE/C   n/a            1.000         5.000       4.000      SLICE_X12Y99  controller/diagnostic/alert_event_count_reg[0]/C
Low Pulse Width   Slow    FDCE/C   n/a            0.500         2.500       2.000      SLICE_X12Y99  controller/diagnostic/alert_event_count_reg[0]/C
High Pulse Width  Slow    FDCE/C   n/a            0.500         2.500       2.000      SLICE_X12Y99  controller/diagnostic/alert_event_count_reg[0]/C



