Copyright 1986-2022 Xilinx, Inc. All Rights Reserved. Copyright 2022-2025 Advanced Micro Devices, Inc. All Rights Reserved.
-----------------------------------------------------------------------------------------------------------------------------------------------------------------------------------------------------------------
| Tool Version : Vivado v.2025.2 (lin64) Build 6299465 Fri Nov 14 12:34:56 MST 2025
| Date         : Tue Jun  9 19:09:18 2026
| Host         : kompik running 64-bit Ubuntu 26.04 LTS
| Command      : report_timing_summary -file /home/z3tm4n/diss-work/chapter4-risk-limited-scrubber/results/vivado_ooc/runs/measured_error_scrub_controller_133p333MHz/timing_measured_error_scrub_controller.rpt
| Design       : measured_error_scrub_controller
| Device       : 7a200t-fbg484
| Speed File   : -2  PRODUCTION 1.23 2018-06-13
| Design State : Routed
-----------------------------------------------------------------------------------------------------------------------------------------------------------------------------------------------------------------

Timing Summary Report

------------------------------------------------------------------------------------------------
| Timer Settings
| --------------
------------------------------------------------------------------------------------------------

  Enable Multi Corner Analysis               :  Yes
  Enable Pessimism Removal                   :  Yes
  Pessimism Removal Resolution               :  Nearest Common Node
  Enable Input Delay Default Clock           :  No
  Enable Preset / Clear Arcs                 :  No
  Disable Flight Delays                      :  No
  Ignore I/O Paths                           :  No
  Timing Early Launch at Borrowing Latches   :  No
  Borrow Time for Max Delay Exceptions       :  Yes
  Merge Timing Exceptions                    :  Yes
  Inter-SLR Compensation                     :  Conservative

  Corner  Analyze    Analyze    
  Name    Max Paths  Min Paths  
  ------  ---------  ---------  
  Slow    Yes        Yes        
  Fast    Yes        Yes        


------------------------------------------------------------------------------------------------
| Report Methodology
| ------------------
------------------------------------------------------------------------------------------------

No report available as report_methodology has not been run prior. Run report_methodology on the current design for the summary of methodology violations.



check_timing report

Table of Contents
-----------------
1. checking no_clock (0)
2. checking constant_clock (0)
3. checking pulse_width_clock (0)
4. checking unconstrained_internal_endpoints (0)
5. checking no_input_delay (43)
6. checking no_output_delay (476)
7. checking multiple_clock (0)
8. checking generated_clocks (0)
9. checking loops (0)
10. checking partial_input_delay (0)
11. checking partial_output_delay (0)
12. checking latch_loops (0)

1. checking no_clock (0)
------------------------
 There are 0 register/latch pins with no clock.


2. checking constant_clock (0)
------------------------------
 There are 0 register/latch pins with constant_clock.


3. checking pulse_width_clock (0)
---------------------------------
 There are 0 register/latch pins which need pulse_width check


4. checking unconstrained_internal_endpoints (0)
------------------------------------------------
 There are 0 pins that are not constrained for maximum delay.

 There are 0 pins that are not constrained for maximum delay due to constant clock.


5. checking no_input_delay (43)
-------------------------------
 There are 43 input ports with no input delay specified. (HIGH)

 There are 0 input ports with no input delay but user has a false path constraint.


6. checking no_output_delay (476)
---------------------------------
 There are 476 ports with no output delay specified. (HIGH)

 There are 0 ports with no output delay but user has a false path constraint

 There are 0 ports with no output delay but with a timing clock defined on it or propagating through it


7. checking multiple_clock (0)
------------------------------
 There are 0 register/latch pins with multiple clocks.


8. checking generated_clocks (0)
--------------------------------
 There are 0 generated clocks that are not connected to a clock source.


9. checking loops (0)
---------------------
 There are 0 combinational loops in the design.


10. checking partial_input_delay (0)
------------------------------------
 There are 0 input ports with partial input delay specified.


11. checking partial_output_delay (0)
-------------------------------------
 There are 0 ports with partial output delay specified.


12. checking latch_loops (0)
----------------------------
 There are 0 combinational latch loops in the design through latch input



------------------------------------------------------------------------------------------------
| Design Timing Summary
| ---------------------
------------------------------------------------------------------------------------------------

    WNS(ns)      TNS(ns)  TNS Failing Endpoints  TNS Total Endpoints      WHS(ns)      THS(ns)  THS Failing Endpoints  THS Total Endpoints     WPWS(ns)     TPWS(ns)  TPWS Failing Endpoints  TPWS Total Endpoints  
    -------      -------  ---------------------  -------------------      -------      -------  ---------------------  -------------------     --------     --------  ----------------------  --------------------  
      0.533        0.000                      0                 1880        0.208        0.000                      0                 1880        3.250        0.000                       0                   957  


All user specified timing constraints are met.


------------------------------------------------------------------------------------------------
| Clock Summary
| -------------
------------------------------------------------------------------------------------------------

Clock  Waveform(ns)         Period(ns)      Frequency(MHz)
-----  ------------         ----------      --------------
clk    {0.000 3.750}        7.500           133.333         


------------------------------------------------------------------------------------------------
| Intra Clock Table
| -----------------
------------------------------------------------------------------------------------------------

Clock             WNS(ns)      TNS(ns)  TNS Failing Endpoints  TNS Total Endpoints      WHS(ns)      THS(ns)  THS Failing Endpoints  THS Total Endpoints     WPWS(ns)     TPWS(ns)  TPWS Failing Endpoints  TPWS Total Endpoints  
-----             -------      -------  ---------------------  -------------------      -------      -------  ---------------------  -------------------     --------     --------  ----------------------  --------------------  
clk                 0.533        0.000                      0                 1880        0.208        0.000                      0                 1880        3.250        0.000                       0                   957  


------------------------------------------------------------------------------------------------
| Inter Clock Table
| -----------------
------------------------------------------------------------------------------------------------

From Clock    To Clock          WNS(ns)      TNS(ns)  TNS Failing Endpoints  TNS Total Endpoints      WHS(ns)      THS(ns)  THS Failing Endpoints  THS Total Endpoints  
----------    --------          -------      -------  ---------------------  -------------------      -------      -------  ---------------------  -------------------  


------------------------------------------------------------------------------------------------
| Other Path Groups Table
| -----------------------
------------------------------------------------------------------------------------------------

Path Group    From Clock    To Clock          WNS(ns)      TNS(ns)  TNS Failing Endpoints  TNS Total Endpoints      WHS(ns)      THS(ns)  THS Failing Endpoints  THS Total Endpoints  
----------    ----------    --------          -------      -------  ---------------------  -------------------      -------      -------  ---------------------  -------------------  


------------------------------------------------------------------------------------------------
| Timing Details
| --------------
------------------------------------------------------------------------------------------------


---------------------------------------------------------------------------------------------------
From Clock:  clk
  To Clock:  clk

Setup :            0  Failing Endpoints,  Worst Slack        0.533ns,  Total Violation        0.000ns
Hold  :            0  Failing Endpoints,  Worst Slack        0.208ns,  Total Violation        0.000ns
PW    :            0  Failing Endpoints,  Worst Slack        3.250ns,  Total Violation        0.000ns
---------------------------------------------------------------------------------------------------


Max Delay Paths
--------------------------------------------------------------------------------------
Slack (MET) :             0.533ns  (required time - arrival time)
  Source:                 controller/pass_engine/current_addr_reg[5]/C
                            (rising edge-triggered cell FDCE clocked by clk  {rise@0.000ns fall@3.750ns period=7.500ns})
  Destination:            controller/diagnostic/due_tracker_addr_reg[13][12]/CE
                            (rising edge-triggered cell FDCE clocked by clk  {rise@0.000ns fall@3.750ns period=7.500ns})
  Path Group:             clk
  Path Type:              Setup (Max at Slow Process Corner)
  Requirement:            7.500ns  (clk rise@7.500ns - clk rise@0.000ns)
  Data Path Delay:        6.554ns  (logic 1.936ns (29.539%)  route 4.618ns (70.461%))
  Logic Levels:           7  (CARRY4=2 LUT3=1 LUT4=2 LUT6=2)
  Clock Path Skew:        -0.039ns (DCD - SCD + CPR)
    Destination Clock Delay (DCD):    0.748ns = ( 8.248 - 7.500 ) 
    Source Clock Delay      (SCD):    0.787ns
    Clock Pessimism Removal (CPR):    0.000ns
  Clock Uncertainty:      0.035ns  ((TSJ^2 + TIJ^2)^1/2 + DJ) / 2 + PE
    Total System Jitter     (TSJ):    0.071ns
    Total Input Jitter      (TIJ):    0.000ns
    Discrete Jitter          (DJ):    0.000ns
    Phase Error              (PE):    0.000ns

    Location             Delay type                Incr(ns)  Path(ns)    Netlist Resource(s)
  -------------------------------------------------------------------    -------------------
                         (clock clk rise edge)        0.000     0.000 r  
                                                      0.000     0.000 r  clk (IN)
                         net (fo=956, unset)          0.787     0.787    controller/pass_engine/clk
    SLICE_X22Y87         FDCE                                         r  controller/pass_engine/current_addr_reg[5]/C
  -------------------------------------------------------------------    -------------------
    SLICE_X22Y87         FDCE (Prop_fdce_C_Q)         0.433     1.220 r  controller/pass_engine/current_addr_reg[5]/Q
                         net (fo=34, routed)          1.078     2.298    controller/diagnostic/due_tracker_addr_reg[15][20]_0[5]
    SLICE_X13Y87         LUT6 (Prop_lut6_I1_O)        0.105     2.403 r  controller/diagnostic/i__carry_i_3/O
                         net (fo=1, routed)           0.000     2.403    controller/diagnostic/i__carry_i_3_n_0
    SLICE_X13Y87         CARRY4 (Prop_carry4_S[1]_CO[3])
                                                      0.457     2.860 r  controller/diagnostic/due_tracker_hit2_inferred__0/i__carry/CO[3]
                         net (fo=1, routed)           0.000     2.860    controller/diagnostic/due_tracker_hit2_inferred__0/i__carry_n_0
    SLICE_X13Y88         CARRY4 (Prop_carry4_CI_CO[2])
                                                      0.190     3.050 f  controller/diagnostic/due_tracker_hit2_inferred__0/i__carry__0/CO[2]
                         net (fo=1, routed)           0.947     3.997    controller/diagnostic/due_tracker_hit20_out
    SLICE_X21Y92         LUT4 (Prop_lut4_I2_O)        0.271     4.268 f  controller/diagnostic/persistent_due_flag_i_8/O
                         net (fo=2, routed)           0.820     5.088    controller/diagnostic/persistent_due_flag_i_8_n_0
    SLICE_X19Y93         LUT4 (Prop_lut4_I0_O)        0.267     5.355 f  controller/diagnostic/due_tracker_valid[15]_i_10/O
                         net (fo=4, routed)           0.607     5.962    controller/diagnostic/due_tracker_valid[15]_i_10_n_0
    SLICE_X17Y90         LUT6 (Prop_lut6_I1_O)        0.105     6.067 f  controller/diagnostic/due_tracker_valid[15]_i_4/O
                         net (fo=8, routed)           0.470     6.537    controller/diagnostic/due_tracker_valid[15]_i_4_n_0
    SLICE_X21Y90         LUT3 (Prop_lut3_I2_O)        0.108     6.645 r  controller/diagnostic/due_tracker_addr[13][20]_i_1/O
                         net (fo=21, routed)          0.696     7.341    controller/diagnostic/due_tracker_addr[13][20]_i_1_n_0
    SLICE_X24Y87         FDCE                                         r  controller/diagnostic/due_tracker_addr_reg[13][12]/CE
  -------------------------------------------------------------------    -------------------

                         (clock clk rise edge)        7.500     7.500 r  
                                                      0.000     7.500 r  clk (IN)
                         net (fo=956, unset)          0.748     8.248    controller/diagnostic/clk
    SLICE_X24Y87         FDCE                                         r  controller/diagnostic/due_tracker_addr_reg[13][12]/C
                         clock pessimism              0.000     8.248    
                         clock uncertainty           -0.035     8.212    
    SLICE_X24Y87         FDCE (Setup_fdce_C_CE)      -0.338     7.874    controller/diagnostic/due_tracker_addr_reg[13][12]
  -------------------------------------------------------------------
                         required time                          7.874    
                         arrival time                          -7.341    
  -------------------------------------------------------------------
                         slack                                  0.533    





Min Delay Paths
--------------------------------------------------------------------------------------
Slack (MET) :             0.208ns  (arrival time - required time)
  Source:                 controller/scheduler/pass_cycle_counter_reg[11]/C
                            (rising edge-triggered cell FDCE clocked by clk  {rise@0.000ns fall@3.750ns period=7.500ns})
  Destination:            controller/scheduler/last_pass_cycles_reg[11]/D
                            (rising edge-triggered cell FDCE clocked by clk  {rise@0.000ns fall@3.750ns period=7.500ns})
  Path Group:             clk
  Path Type:              Hold (Min at Fast Process Corner)
  Requirement:            0.000ns  (clk rise@0.000ns - clk rise@0.000ns)
  Data Path Delay:        0.359ns  (logic 0.251ns (69.914%)  route 0.108ns (30.086%))
  Logic Levels:           1  (CARRY4=1)
  Clock Path Skew:        0.021ns (DCD - SCD - CPR)
    Destination Clock Delay (DCD):    0.411ns
    Source Clock Delay      (SCD):    0.390ns
    Clock Pessimism Removal (CPR):    -0.000ns

    Location             Delay type                Incr(ns)  Path(ns)    Netlist Resource(s)
  -------------------------------------------------------------------    -------------------
                         (clock clk rise edge)        0.000     0.000 r  
                                                      0.000     0.000 r  clk (IN)
                         net (fo=956, unset)          0.390     0.390    controller/scheduler/clk
    SLICE_X17Y106        FDCE                                         r  controller/scheduler/pass_cycle_counter_reg[11]/C
  -------------------------------------------------------------------    -------------------
    SLICE_X17Y106        FDCE (Prop_fdce_C_Q)         0.141     0.531 r  controller/scheduler/pass_cycle_counter_reg[11]/Q
                         net (fo=2, routed)           0.108     0.639    controller/scheduler/pass_cycle_counter_reg[11]
    SLICE_X18Y106        CARRY4 (Prop_carry4_S[2]_O[2])
                                                      0.110     0.749 r  controller/scheduler/completed_pass_cycles_carry__1/O[2]
                         net (fo=4, routed)           0.000     0.749    controller/scheduler/completed_pass_cycles[11]
    SLICE_X18Y106        FDCE                                         r  controller/scheduler/last_pass_cycles_reg[11]/D
  -------------------------------------------------------------------    -------------------

                         (clock clk rise edge)        0.000     0.000 r  
                                                      0.000     0.000 r  clk (IN)
                         net (fo=956, unset)          0.411     0.411    controller/scheduler/clk
    SLICE_X18Y106        FDCE                                         r  controller/scheduler/last_pass_cycles_reg[11]/C
                         clock pessimism              0.000     0.411    
    SLICE_X18Y106        FDCE (Hold_fdce_C_D)         0.130     0.541    controller/scheduler/last_pass_cycles_reg[11]
  -------------------------------------------------------------------
                         required time                         -0.541    
                         arrival time                           0.749    
  -------------------------------------------------------------------
                         slack                                  0.208    





Pulse Width Checks
--------------------------------------------------------------------------------------
Clock Name:         clk
Waveform(ns):       { 0.000 3.750 }
Period(ns):         7.500
Sources:            { clk }

Check Type        Corner  Lib Pin  Reference Pin  Required(ns)  Actual(ns)  Slack(ns)  Location      Pin
Min Period        n/a     FDCE/C   n/a            1.000         7.500       6.500      SLICE_X18Y92  controller/diagnostic/alert_event_count_reg[0]/C
Low Pulse Width   Slow    FDCE/C   n/a            0.500         3.750       3.250      SLICE_X18Y92  controller/diagnostic/alert_event_count_reg[0]/C
High Pulse Width  Slow    FDCE/C   n/a            0.500         3.750       3.250      SLICE_X18Y92  controller/diagnostic/alert_event_count_reg[0]/C



