Copyright 1986-2022 Xilinx, Inc. All Rights Reserved. Copyright 2022-2025 Advanced Micro Devices, Inc. All Rights Reserved.
-----------------------------------------------------------------------------------------------------------------------------------------------------------------------------------------------------
| Tool Version : Vivado v.2025.2 (lin64) Build 6299465 Fri Nov 14 12:34:56 MST 2025
| Date         : Tue Jun  9 19:05:09 2026
| Host         : kompik running 64-bit Ubuntu 26.04 LTS
| Command      : report_timing_summary -file /home/z3tm4n/diss-work/chapter4-risk-limited-scrubber/results/vivado_ooc/runs/adaptive_scrub_controller_250p000MHz/timing_adaptive_scrub_controller.rpt
| Design       : adaptive_scrub_controller
| Device       : 7a200t-fbg484
| Speed File   : -2  PRODUCTION 1.23 2018-06-13
| Design State : Routed
-----------------------------------------------------------------------------------------------------------------------------------------------------------------------------------------------------

Timing Summary Report

------------------------------------------------------------------------------------------------
| Timer Settings
| --------------
------------------------------------------------------------------------------------------------

  Enable Multi Corner Analysis               :  Yes
  Enable Pessimism Removal                   :  Yes
  Pessimism Removal Resolution               :  Nearest Common Node
  Enable Input Delay Default Clock           :  No
  Enable Preset / Clear Arcs                 :  No
  Disable Flight Delays                      :  No
  Ignore I/O Paths                           :  No
  Timing Early Launch at Borrowing Latches   :  No
  Borrow Time for Max Delay Exceptions       :  Yes
  Merge Timing Exceptions                    :  Yes
  Inter-SLR Compensation                     :  Conservative

  Corner  Analyze    Analyze    
  Name    Max Paths  Min Paths  
  ------  ---------  ---------  
  Slow    Yes        Yes        
  Fast    Yes        Yes        


------------------------------------------------------------------------------------------------
| Report Methodology
| ------------------
------------------------------------------------------------------------------------------------

No report available as report_methodology has not been run prior. Run report_methodology on the current design for the summary of methodology violations.



check_timing report

Table of Contents
-----------------
1. checking no_clock (0)
2. checking constant_clock (0)
3. checking pulse_width_clock (0)
4. checking unconstrained_internal_endpoints (0)
5. checking no_input_delay (46)
6. checking no_output_delay (467)
7. checking multiple_clock (0)
8. checking generated_clocks (0)
9. checking loops (0)
10. checking partial_input_delay (0)
11. checking partial_output_delay (0)
12. checking latch_loops (0)

1. checking no_clock (0)
------------------------
 There are 0 register/latch pins with no clock.


2. checking constant_clock (0)
------------------------------
 There are 0 register/latch pins with constant_clock.


3. checking pulse_width_clock (0)
---------------------------------
 There are 0 register/latch pins which need pulse_width check


4. checking unconstrained_internal_endpoints (0)
------------------------------------------------
 There are 0 pins that are not constrained for maximum delay.

 There are 0 pins that are not constrained for maximum delay due to constant clock.


5. checking no_input_delay (46)
-------------------------------
 There are 46 input ports with no input delay specified. (HIGH)

 There are 0 input ports with no input delay but user has a false path constraint.


6. checking no_output_delay (467)
---------------------------------
 There are 467 ports with no output delay specified. (HIGH)

 There are 0 ports with no output delay but user has a false path constraint

 There are 0 ports with no output delay but with a timing clock defined on it or propagating through it


7. checking multiple_clock (0)
------------------------------
 There are 0 register/latch pins with multiple clocks.


8. checking generated_clocks (0)
--------------------------------
 There are 0 generated clocks that are not connected to a clock source.


9. checking loops (0)
---------------------
 There are 0 combinational loops in the design.


10. checking partial_input_delay (0)
------------------------------------
 There are 0 input ports with partial input delay specified.


11. checking partial_output_delay (0)
-------------------------------------
 There are 0 ports with partial output delay specified.


12. checking latch_loops (0)
----------------------------
 There are 0 combinational latch loops in the design through latch input



------------------------------------------------------------------------------------------------
| Design Timing Summary
| ---------------------
------------------------------------------------------------------------------------------------

    WNS(ns)      TNS(ns)  TNS Failing Endpoints  TNS Total Endpoints      WHS(ns)      THS(ns)  THS Failing Endpoints  THS Total Endpoints     WPWS(ns)     TPWS(ns)  TPWS Failing Endpoints  TPWS Total Endpoints  
    -------      -------  ---------------------  -------------------      -------      -------  ---------------------  -------------------     --------     --------  ----------------------  --------------------  
     -1.697     -642.261                    478                 1731        0.211        0.000                      0                 1731        1.500        0.000                       0                   884  


Timing constraints are not met.


------------------------------------------------------------------------------------------------
| Clock Summary
| -------------
------------------------------------------------------------------------------------------------

Clock  Waveform(ns)         Period(ns)      Frequency(MHz)
-----  ------------         ----------      --------------
clk    {0.000 2.000}        4.000           250.000         


------------------------------------------------------------------------------------------------
| Intra Clock Table
| -----------------
------------------------------------------------------------------------------------------------

Clock             WNS(ns)      TNS(ns)  TNS Failing Endpoints  TNS Total Endpoints      WHS(ns)      THS(ns)  THS Failing Endpoints  THS Total Endpoints     WPWS(ns)     TPWS(ns)  TPWS Failing Endpoints  TPWS Total Endpoints  
-----             -------      -------  ---------------------  -------------------      -------      -------  ---------------------  -------------------     --------     --------  ----------------------  --------------------  
clk                -1.697     -642.261                    478                 1731        0.211        0.000                      0                 1731        1.500        0.000                       0                   884  


------------------------------------------------------------------------------------------------
| Inter Clock Table
| -----------------
------------------------------------------------------------------------------------------------

From Clock    To Clock          WNS(ns)      TNS(ns)  TNS Failing Endpoints  TNS Total Endpoints      WHS(ns)      THS(ns)  THS Failing Endpoints  THS Total Endpoints  
----------    --------          -------      -------  ---------------------  -------------------      -------      -------  ---------------------  -------------------  


------------------------------------------------------------------------------------------------
| Other Path Groups Table
| -----------------------
------------------------------------------------------------------------------------------------

Path Group    From Clock    To Clock          WNS(ns)      TNS(ns)  TNS Failing Endpoints  TNS Total Endpoints      WHS(ns)      THS(ns)  THS Failing Endpoints  THS Total Endpoints  
----------    ----------    --------          -------      -------  ---------------------  -------------------      -------      -------  ---------------------  -------------------  


------------------------------------------------------------------------------------------------
| Timing Details
| --------------
------------------------------------------------------------------------------------------------


---------------------------------------------------------------------------------------------------
From Clock:  clk
  To Clock:  clk

Setup :          478  Failing Endpoints,  Worst Slack       -1.697ns,  Total Violation     -642.261ns
Hold  :            0  Failing Endpoints,  Worst Slack        0.211ns,  Total Violation        0.000ns
PW    :            0  Failing Endpoints,  Worst Slack        1.500ns,  Total Violation        0.000ns
---------------------------------------------------------------------------------------------------


Max Delay Paths
--------------------------------------------------------------------------------------
Slack (VIOLATED) :        -1.697ns  (required time - arrival time)
  Source:                 pass_engine/current_addr_reg[10]/C
                            (rising edge-triggered cell FDCE clocked by clk  {rise@0.000ns fall@2.000ns period=4.000ns})
  Destination:            diagnostic/due_tracker_addr_reg[4][1]/CE
                            (rising edge-triggered cell FDCE clocked by clk  {rise@0.000ns fall@2.000ns period=4.000ns})
  Path Group:             clk
  Path Type:              Setup (Max at Slow Process Corner)
  Requirement:            4.000ns  (clk rise@4.000ns - clk rise@0.000ns)
  Data Path Delay:        5.486ns  (logic 1.582ns (28.837%)  route 3.904ns (71.163%))
  Logic Levels:           7  (CARRY4=2 LUT4=1 LUT5=2 LUT6=2)
  Clock Path Skew:        -0.039ns (DCD - SCD + CPR)
    Destination Clock Delay (DCD):    0.748ns = ( 4.748 - 4.000 ) 
    Source Clock Delay      (SCD):    0.787ns
    Clock Pessimism Removal (CPR):    0.000ns
  Clock Uncertainty:      0.035ns  ((TSJ^2 + TIJ^2)^1/2 + DJ) / 2 + PE
    Total System Jitter     (TSJ):    0.071ns
    Total Input Jitter      (TIJ):    0.000ns
    Discrete Jitter          (DJ):    0.000ns
    Phase Error              (PE):    0.000ns

    Location             Delay type                Incr(ns)  Path(ns)    Netlist Resource(s)
  -------------------------------------------------------------------    -------------------
                         (clock clk rise edge)        0.000     0.000 r  
                                                      0.000     0.000 r  clk (IN)
                         net (fo=883, unset)          0.787     0.787    pass_engine/clk
    SLICE_X21Y158        FDCE                                         r  pass_engine/current_addr_reg[10]/C
  -------------------------------------------------------------------    -------------------
    SLICE_X21Y158        FDCE (Prop_fdce_C_Q)         0.379     1.166 r  pass_engine/current_addr_reg[10]/Q
                         net (fo=34, routed)          1.239     2.405    diagnostic/due_tracker_addr_reg[0][20]_0[10]
    SLICE_X9Y155         LUT6 (Prop_lut6_I3_O)        0.105     2.510 r  diagnostic/due_tracker_hit1_carry_i_1/O
                         net (fo=1, routed)           0.000     2.510    diagnostic/due_tracker_hit1_carry_i_1_n_0
    SLICE_X9Y155         CARRY4 (Prop_carry4_S[3]_CO[3])
                                                      0.332     2.842 r  diagnostic/due_tracker_hit1_carry/CO[3]
                         net (fo=1, routed)           0.000     2.842    diagnostic/due_tracker_hit1_carry_n_0
    SLICE_X9Y156         CARRY4 (Prop_carry4_CI_CO[2])
                                                      0.190     3.032 f  diagnostic/due_tracker_hit1_carry__0/CO[2]
                         net (fo=1, routed)           0.594     3.626    diagnostic/due_tracker_hit1__6
    SLICE_X17Y156        LUT4 (Prop_lut4_I1_O)        0.261     3.887 f  diagnostic/persistent_due_flag_i_9/O
                         net (fo=1, routed)           0.353     4.240    diagnostic/persistent_due_flag_i_9_n_0
    SLICE_X18Y158        LUT5 (Prop_lut5_I4_O)        0.105     4.345 f  diagnostic/persistent_due_flag_i_5/O
                         net (fo=2, routed)           0.587     4.932    diagnostic/persistent_due_flag_i_5_n_0
    SLICE_X13Y158        LUT6 (Prop_lut6_I4_O)        0.105     5.037 r  diagnostic/new_due_word_count[31]_i_1/O
                         net (fo=64, routed)          0.618     5.655    diagnostic/new_due_word_count[31]_i_1_n_0
    SLICE_X16Y157        LUT5 (Prop_lut5_I3_O)        0.105     5.760 r  diagnostic/due_tracker_addr[4][20]_i_1/O
                         net (fo=21, routed)          0.513     6.273    diagnostic/due_tracker_addr[4][20]_i_1_n_0
    SLICE_X18Y161        FDCE                                         r  diagnostic/due_tracker_addr_reg[4][1]/CE
  -------------------------------------------------------------------    -------------------

                         (clock clk rise edge)        4.000     4.000 r  
                                                      0.000     4.000 r  clk (IN)
                         net (fo=883, unset)          0.748     4.748    diagnostic/clk
    SLICE_X18Y161        FDCE                                         r  diagnostic/due_tracker_addr_reg[4][1]/C
                         clock pessimism              0.000     4.748    
                         clock uncertainty           -0.035     4.712    
    SLICE_X18Y161        FDCE (Setup_fdce_C_CE)      -0.136     4.576    diagnostic/due_tracker_addr_reg[4][1]
  -------------------------------------------------------------------
                         required time                          4.576    
                         arrival time                          -6.273    
  -------------------------------------------------------------------
                         slack                                 -1.697    





Min Delay Paths
--------------------------------------------------------------------------------------
Slack (MET) :             0.211ns  (arrival time - required time)
  Source:                 scheduler/pass_cycle_counter_reg[10]/C
                            (rising edge-triggered cell FDCE clocked by clk  {rise@0.000ns fall@2.000ns period=4.000ns})
  Destination:            scheduler/last_pass_cycles_reg[10]/D
                            (rising edge-triggered cell FDCE clocked by clk  {rise@0.000ns fall@2.000ns period=4.000ns})
  Path Group:             clk
  Path Type:              Hold (Min at Fast Process Corner)
  Requirement:            0.000ns  (clk rise@0.000ns - clk rise@0.000ns)
  Data Path Delay:        0.334ns  (logic 0.274ns (82.062%)  route 0.060ns (17.938%))
  Logic Levels:           1  (CARRY4=1)
  Clock Path Skew:        0.021ns (DCD - SCD - CPR)
    Destination Clock Delay (DCD):    0.411ns
    Source Clock Delay      (SCD):    0.390ns
    Clock Pessimism Removal (CPR):    -0.000ns

    Location             Delay type                Incr(ns)  Path(ns)    Netlist Resource(s)
  -------------------------------------------------------------------    -------------------
                         (clock clk rise edge)        0.000     0.000 r  
                                                      0.000     0.000 r  clk (IN)
                         net (fo=883, unset)          0.390     0.390    scheduler/clk
    SLICE_X14Y137        FDCE                                         r  scheduler/pass_cycle_counter_reg[10]/C
  -------------------------------------------------------------------    -------------------
    SLICE_X14Y137        FDCE (Prop_fdce_C_Q)         0.164     0.554 r  scheduler/pass_cycle_counter_reg[10]/Q
                         net (fo=2, routed)           0.060     0.614    scheduler/pass_cycle_counter_reg[10]
    SLICE_X15Y137        CARRY4 (Prop_carry4_S[1]_O[1])
                                                      0.110     0.724 r  scheduler/completed_pass_cycles_carry__1/O[1]
                         net (fo=4, routed)           0.000     0.724    scheduler/completed_pass_cycles[10]
    SLICE_X15Y137        FDCE                                         r  scheduler/last_pass_cycles_reg[10]/D
  -------------------------------------------------------------------    -------------------

                         (clock clk rise edge)        0.000     0.000 r  
                                                      0.000     0.000 r  clk (IN)
                         net (fo=883, unset)          0.411     0.411    scheduler/clk
    SLICE_X15Y137        FDCE                                         r  scheduler/last_pass_cycles_reg[10]/C
                         clock pessimism              0.000     0.411    
    SLICE_X15Y137        FDCE (Hold_fdce_C_D)         0.102     0.513    scheduler/last_pass_cycles_reg[10]
  -------------------------------------------------------------------
                         required time                         -0.513    
                         arrival time                           0.724    
  -------------------------------------------------------------------
                         slack                                  0.211    





Pulse Width Checks
--------------------------------------------------------------------------------------
Clock Name:         clk
Waveform(ns):       { 0.000 2.000 }
Period(ns):         4.000
Sources:            { clk }

Check Type        Corner  Lib Pin  Reference Pin  Required(ns)  Actual(ns)  Slack(ns)  Location       Pin
Min Period        n/a     FDCE/C   n/a            1.000         4.000       3.000      SLICE_X20Y133  diagnostic/alert_event_count_reg[0]/C
Low Pulse Width   Slow    FDCE/C   n/a            0.500         2.000       1.500      SLICE_X20Y133  diagnostic/alert_event_count_reg[0]/C
High Pulse Width  Slow    FDCE/C   n/a            0.500         2.000       1.500      SLICE_X20Y133  diagnostic/alert_event_count_reg[0]/C



