Copyright 1986-2022 Xilinx, Inc. All Rights Reserved. Copyright 2022-2025 Advanced Micro Devices, Inc. All Rights Reserved.
-----------------------------------------------------------------------------------------------------------------------------------------------------------------------------------
| Tool Version : Vivado v.2025.2 (lin64) Build 6299465 Fri Nov 14 12:34:56 MST 2025
| Date         : Tue Jun  9 18:54:09 2026
| Host         : kompik running 64-bit Ubuntu 26.04 LTS
| Command      : report_timing_summary -file /home/z3tm4n/diss-work/chapter4-risk-limited-scrubber/results/vivado_ooc/runs/period_scheduler_300p030MHz/timing_period_scheduler.rpt
| Design       : period_scheduler
| Device       : 7a200t-fbg484
| Speed File   : -2  PRODUCTION 1.23 2018-06-13
| Design State : Routed
-----------------------------------------------------------------------------------------------------------------------------------------------------------------------------------

Timing Summary Report

------------------------------------------------------------------------------------------------
| Timer Settings
| --------------
------------------------------------------------------------------------------------------------

  Enable Multi Corner Analysis               :  Yes
  Enable Pessimism Removal                   :  Yes
  Pessimism Removal Resolution               :  Nearest Common Node
  Enable Input Delay Default Clock           :  No
  Enable Preset / Clear Arcs                 :  No
  Disable Flight Delays                      :  No
  Ignore I/O Paths                           :  No
  Timing Early Launch at Borrowing Latches   :  No
  Borrow Time for Max Delay Exceptions       :  Yes
  Merge Timing Exceptions                    :  Yes
  Inter-SLR Compensation                     :  Conservative

  Corner  Analyze    Analyze    
  Name    Max Paths  Min Paths  
  ------  ---------  ---------  
  Slow    Yes        Yes        
  Fast    Yes        Yes        


------------------------------------------------------------------------------------------------
| Report Methodology
| ------------------
------------------------------------------------------------------------------------------------

No report available as report_methodology has not been run prior. Run report_methodology on the current design for the summary of methodology violations.



check_timing report

Table of Contents
-----------------
1. checking no_clock (0)
2. checking constant_clock (0)
3. checking pulse_width_clock (0)
4. checking unconstrained_internal_endpoints (0)
5. checking no_input_delay (8)
6. checking no_output_delay (83)
7. checking multiple_clock (0)
8. checking generated_clocks (0)
9. checking loops (0)
10. checking partial_input_delay (0)
11. checking partial_output_delay (0)
12. checking latch_loops (0)

1. checking no_clock (0)
------------------------
 There are 0 register/latch pins with no clock.


2. checking constant_clock (0)
------------------------------
 There are 0 register/latch pins with constant_clock.


3. checking pulse_width_clock (0)
---------------------------------
 There are 0 register/latch pins which need pulse_width check


4. checking unconstrained_internal_endpoints (0)
------------------------------------------------
 There are 0 pins that are not constrained for maximum delay.

 There are 0 pins that are not constrained for maximum delay due to constant clock.


5. checking no_input_delay (8)
------------------------------
 There are 8 input ports with no input delay specified. (HIGH)

 There are 0 input ports with no input delay but user has a false path constraint.


6. checking no_output_delay (83)
--------------------------------
 There are 83 ports with no output delay specified. (HIGH)

 There are 0 ports with no output delay but user has a false path constraint

 There are 0 ports with no output delay but with a timing clock defined on it or propagating through it


7. checking multiple_clock (0)
------------------------------
 There are 0 register/latch pins with multiple clocks.


8. checking generated_clocks (0)
--------------------------------
 There are 0 generated clocks that are not connected to a clock source.


9. checking loops (0)
---------------------
 There are 0 combinational loops in the design.


10. checking partial_input_delay (0)
------------------------------------
 There are 0 input ports with partial input delay specified.


11. checking partial_output_delay (0)
-------------------------------------
 There are 0 ports with partial output delay specified.


12. checking latch_loops (0)
----------------------------
 There are 0 combinational latch loops in the design through latch input



------------------------------------------------------------------------------------------------
| Design Timing Summary
| ---------------------
------------------------------------------------------------------------------------------------

    WNS(ns)      TNS(ns)  TNS Failing Endpoints  TNS Total Endpoints      WHS(ns)      THS(ns)  THS Failing Endpoints  THS Total Endpoints     WPWS(ns)     TPWS(ns)  TPWS Failing Endpoints  TPWS Total Endpoints  
    -------      -------  ---------------------  -------------------      -------      -------  ---------------------  -------------------     --------     --------  ----------------------  --------------------  
     -0.963      -25.938                     62                  285        0.166        0.000                      0                  285        1.166        0.000                       0                   148  


Timing constraints are not met.


------------------------------------------------------------------------------------------------
| Clock Summary
| -------------
------------------------------------------------------------------------------------------------

Clock  Waveform(ns)         Period(ns)      Frequency(MHz)
-----  ------------         ----------      --------------
clk    {0.000 1.666}        3.333           300.030         


------------------------------------------------------------------------------------------------
| Intra Clock Table
| -----------------
------------------------------------------------------------------------------------------------

Clock             WNS(ns)      TNS(ns)  TNS Failing Endpoints  TNS Total Endpoints      WHS(ns)      THS(ns)  THS Failing Endpoints  THS Total Endpoints     WPWS(ns)     TPWS(ns)  TPWS Failing Endpoints  TPWS Total Endpoints  
-----             -------      -------  ---------------------  -------------------      -------      -------  ---------------------  -------------------     --------     --------  ----------------------  --------------------  
clk                -0.963      -25.938                     62                  285        0.166        0.000                      0                  285        1.166        0.000                       0                   148  


------------------------------------------------------------------------------------------------
| Inter Clock Table
| -----------------
------------------------------------------------------------------------------------------------

From Clock    To Clock          WNS(ns)      TNS(ns)  TNS Failing Endpoints  TNS Total Endpoints      WHS(ns)      THS(ns)  THS Failing Endpoints  THS Total Endpoints  
----------    --------          -------      -------  ---------------------  -------------------      -------      -------  ---------------------  -------------------  


------------------------------------------------------------------------------------------------
| Other Path Groups Table
| -----------------------
------------------------------------------------------------------------------------------------

Path Group    From Clock    To Clock          WNS(ns)      TNS(ns)  TNS Failing Endpoints  TNS Total Endpoints      WHS(ns)      THS(ns)  THS Failing Endpoints  THS Total Endpoints  
----------    ----------    --------          -------      -------  ---------------------  -------------------      -------      -------  ---------------------  -------------------  


------------------------------------------------------------------------------------------------
| Timing Details
| --------------
------------------------------------------------------------------------------------------------


---------------------------------------------------------------------------------------------------
From Clock:  clk
  To Clock:  clk

Setup :           62  Failing Endpoints,  Worst Slack       -0.963ns,  Total Violation      -25.938ns
Hold  :            0  Failing Endpoints,  Worst Slack        0.166ns,  Total Violation        0.000ns
PW    :            0  Failing Endpoints,  Worst Slack        1.166ns,  Total Violation        0.000ns
---------------------------------------------------------------------------------------------------


Max Delay Paths
--------------------------------------------------------------------------------------
Slack (VIOLATED) :        -0.963ns  (required time - arrival time)
  Source:                 control_age_cycles_reg[8]/C
                            (rising edge-triggered cell FDCE clocked by clk  {rise@0.000ns fall@1.666ns period=3.333ns})
  Destination:            wait_counter_reg[31]/D
                            (rising edge-triggered cell FDCE clocked by clk  {rise@0.000ns fall@1.666ns period=3.333ns})
  Path Group:             clk
  Path Type:              Setup (Max at Slow Process Corner)
  Requirement:            3.333ns  (clk rise@3.333ns - clk rise@0.000ns)
  Data Path Delay:        4.253ns  (logic 1.425ns (33.505%)  route 2.828ns (66.495%))
  Logic Levels:           8  (CARRY4=4 LUT4=2 LUT5=1 LUT6=1)
  Clock Path Skew:        -0.039ns (DCD - SCD + CPR)
    Destination Clock Delay (DCD):    0.748ns = ( 4.081 - 3.333 ) 
    Source Clock Delay      (SCD):    0.787ns
    Clock Pessimism Removal (CPR):    0.000ns
  Clock Uncertainty:      0.035ns  ((TSJ^2 + TIJ^2)^1/2 + DJ) / 2 + PE
    Total System Jitter     (TSJ):    0.071ns
    Total Input Jitter      (TIJ):    0.000ns
    Discrete Jitter          (DJ):    0.000ns
    Phase Error              (PE):    0.000ns

    Location             Delay type                Incr(ns)  Path(ns)    Netlist Resource(s)
  -------------------------------------------------------------------    -------------------
                         (clock clk rise edge)        0.000     0.000 r  
                                                      0.000     0.000 r  clk (IN)
                         net (fo=147, unset)          0.787     0.787    clk
    SLICE_X19Y113        FDCE                                         r  control_age_cycles_reg[8]/C
  -------------------------------------------------------------------    -------------------
    SLICE_X19Y113        FDCE (Prop_fdce_C_Q)         0.379     1.166 r  control_age_cycles_reg[8]/Q
                         net (fo=2, routed)           0.661     1.827    control_age_cycles[8]
    SLICE_X19Y112        LUT5 (Prop_lut5_I0_O)        0.105     1.932 r  applied_period_index[3]_INST_0_i_1/O
                         net (fo=17, routed)          0.553     2.485    applied_period_index[3]_INST_0_i_1_n_0
    SLICE_X19Y114        LUT6 (Prop_lut6_I4_O)        0.105     2.590 r  wait_counter[31]_i_43/O
                         net (fo=2, routed)           0.618     3.208    wait_counter[31]_i_43_n_0
    SLICE_X17Y114        LUT4 (Prop_lut4_I0_O)        0.105     3.313 r  wait_counter[31]_i_38/O
                         net (fo=1, routed)           0.000     3.313    wait_counter[31]_i_38_n_0
    SLICE_X17Y114        CARRY4 (Prop_carry4_S[2]_CO[3])
                                                      0.332     3.645 r  wait_counter_reg[31]_i_26/CO[3]
                         net (fo=1, routed)           0.000     3.645    wait_counter_reg[31]_i_26_n_0
    SLICE_X17Y115        CARRY4 (Prop_carry4_CI_CO[3])
                                                      0.098     3.743 r  wait_counter_reg[31]_i_21/CO[3]
                         net (fo=1, routed)           0.000     3.743    wait_counter_reg[31]_i_21_n_0
    SLICE_X17Y116        CARRY4 (Prop_carry4_CI_CO[3])
                                                      0.098     3.841 r  wait_counter_reg[31]_i_9/CO[3]
                         net (fo=1, routed)           0.000     3.841    wait_counter_reg[31]_i_9_n_0
    SLICE_X17Y117        CARRY4 (Prop_carry4_CI_CO[3])
                                                      0.098     3.939 r  wait_counter_reg[31]_i_4/CO[3]
                         net (fo=32, routed)          0.996     4.935    compensated_wait_cycles1
    SLICE_X15Y120        LUT4 (Prop_lut4_I0_O)        0.105     5.040 r  wait_counter[31]_i_2/O
                         net (fo=1, routed)           0.000     5.040    wait_counter[31]_i_2_n_0
    SLICE_X15Y120        FDCE                                         r  wait_counter_reg[31]/D
  -------------------------------------------------------------------    -------------------

                         (clock clk rise edge)        3.333     3.333 r  
                                                      0.000     3.333 r  clk (IN)
                         net (fo=147, unset)          0.748     4.081    clk
    SLICE_X15Y120        FDCE                                         r  wait_counter_reg[31]/C
                         clock pessimism              0.000     4.081    
                         clock uncertainty           -0.035     4.045    
    SLICE_X15Y120        FDCE (Setup_fdce_C_D)        0.032     4.077    wait_counter_reg[31]
  -------------------------------------------------------------------
                         required time                          4.077    
                         arrival time                          -5.040    
  -------------------------------------------------------------------
                         slack                                 -0.963    





Min Delay Paths
--------------------------------------------------------------------------------------
Slack (MET) :             0.166ns  (arrival time - required time)
  Source:                 pass_cycle_counter_reg[3]/C
                            (rising edge-triggered cell FDCE clocked by clk  {rise@0.000ns fall@1.666ns period=3.333ns})
  Destination:            last_pass_cycles_reg[3]/D
                            (rising edge-triggered cell FDCE clocked by clk  {rise@0.000ns fall@1.666ns period=3.333ns})
  Path Group:             clk
  Path Type:              Hold (Min at Fast Process Corner)
  Requirement:            0.000ns  (clk rise@0.000ns - clk rise@0.000ns)
  Data Path Delay:        0.316ns  (logic 0.251ns (79.402%)  route 0.065ns (20.598%))
  Logic Levels:           1  (CARRY4=1)
  Clock Path Skew:        0.021ns (DCD - SCD - CPR)
    Destination Clock Delay (DCD):    0.411ns
    Source Clock Delay      (SCD):    0.390ns
    Clock Pessimism Removal (CPR):    -0.000ns

    Location             Delay type                Incr(ns)  Path(ns)    Netlist Resource(s)
  -------------------------------------------------------------------    -------------------
                         (clock clk rise edge)        0.000     0.000 r  
                                                      0.000     0.000 r  clk (IN)
                         net (fo=147, unset)          0.390     0.390    clk
    SLICE_X15Y111        FDCE                                         r  pass_cycle_counter_reg[3]/C
  -------------------------------------------------------------------    -------------------
    SLICE_X15Y111        FDCE (Prop_fdce_C_Q)         0.141     0.531 r  pass_cycle_counter_reg[3]/Q
                         net (fo=2, routed)           0.065     0.596    pass_cycle_counter_reg[3]
    SLICE_X14Y111        CARRY4 (Prop_carry4_S[2]_O[2])
                                                      0.110     0.706 r  last_pass_cycles_reg[4]_i_1/O[2]
                         net (fo=5, routed)           0.000     0.706    completed_pass_cycles[3]
    SLICE_X14Y111        FDCE                                         r  last_pass_cycles_reg[3]/D
  -------------------------------------------------------------------    -------------------

                         (clock clk rise edge)        0.000     0.000 r  
                                                      0.000     0.000 r  clk (IN)
                         net (fo=147, unset)          0.411     0.411    clk
    SLICE_X14Y111        FDCE                                         r  last_pass_cycles_reg[3]/C
                         clock pessimism              0.000     0.411    
    SLICE_X14Y111        FDCE (Hold_fdce_C_D)         0.130     0.541    last_pass_cycles_reg[3]
  -------------------------------------------------------------------
                         required time                         -0.541    
                         arrival time                           0.706    
  -------------------------------------------------------------------
                         slack                                  0.166    





Pulse Width Checks
--------------------------------------------------------------------------------------
Clock Name:         clk
Waveform(ns):       { 0.000 1.666 }
Period(ns):         3.333
Sources:            { clk }

Check Type        Corner  Lib Pin  Reference Pin  Required(ns)  Actual(ns)  Slack(ns)  Location       Pin
Min Period        n/a     FDCE/C   n/a            1.000         3.333       2.333      SLICE_X18Y114  commanded_period_index_reg[0]/C
Low Pulse Width   Slow    FDCE/C   n/a            0.500         1.667       1.167      SLICE_X18Y114  commanded_period_index_reg[0]/C
High Pulse Width  Slow    FDCE/C   n/a            0.500         1.667       1.167      SLICE_X18Y114  commanded_period_index_reg[0]/C



