Copyright 1986-2022 Xilinx, Inc. All Rights Reserved. Copyright 2022-2025 Advanced Micro Devices, Inc. All Rights Reserved.
-----------------------------------------------------------------------------------------------------------------------------------------------------------------------------------
| Tool Version : Vivado v.2025.2 (lin64) Build 6299465 Fri Nov 14 12:34:56 MST 2025
| Date         : Tue Jun  9 18:52:54 2026
| Host         : kompik running 64-bit Ubuntu 26.04 LTS
| Command      : report_timing_summary -file /home/z3tm4n/diss-work/chapter4-risk-limited-scrubber/results/vivado_ooc/runs/period_scheduler_250p000MHz/timing_period_scheduler.rpt
| Design       : period_scheduler
| Device       : 7a200t-fbg484
| Speed File   : -2  PRODUCTION 1.23 2018-06-13
| Design State : Routed
-----------------------------------------------------------------------------------------------------------------------------------------------------------------------------------

Timing Summary Report

------------------------------------------------------------------------------------------------
| Timer Settings
| --------------
------------------------------------------------------------------------------------------------

  Enable Multi Corner Analysis               :  Yes
  Enable Pessimism Removal                   :  Yes
  Pessimism Removal Resolution               :  Nearest Common Node
  Enable Input Delay Default Clock           :  No
  Enable Preset / Clear Arcs                 :  No
  Disable Flight Delays                      :  No
  Ignore I/O Paths                           :  No
  Timing Early Launch at Borrowing Latches   :  No
  Borrow Time for Max Delay Exceptions       :  Yes
  Merge Timing Exceptions                    :  Yes
  Inter-SLR Compensation                     :  Conservative

  Corner  Analyze    Analyze    
  Name    Max Paths  Min Paths  
  ------  ---------  ---------  
  Slow    Yes        Yes        
  Fast    Yes        Yes        


------------------------------------------------------------------------------------------------
| Report Methodology
| ------------------
------------------------------------------------------------------------------------------------

No report available as report_methodology has not been run prior. Run report_methodology on the current design for the summary of methodology violations.



check_timing report

Table of Contents
-----------------
1. checking no_clock (0)
2. checking constant_clock (0)
3. checking pulse_width_clock (0)
4. checking unconstrained_internal_endpoints (0)
5. checking no_input_delay (8)
6. checking no_output_delay (83)
7. checking multiple_clock (0)
8. checking generated_clocks (0)
9. checking loops (0)
10. checking partial_input_delay (0)
11. checking partial_output_delay (0)
12. checking latch_loops (0)

1. checking no_clock (0)
------------------------
 There are 0 register/latch pins with no clock.


2. checking constant_clock (0)
------------------------------
 There are 0 register/latch pins with constant_clock.


3. checking pulse_width_clock (0)
---------------------------------
 There are 0 register/latch pins which need pulse_width check


4. checking unconstrained_internal_endpoints (0)
------------------------------------------------
 There are 0 pins that are not constrained for maximum delay.

 There are 0 pins that are not constrained for maximum delay due to constant clock.


5. checking no_input_delay (8)
------------------------------
 There are 8 input ports with no input delay specified. (HIGH)

 There are 0 input ports with no input delay but user has a false path constraint.


6. checking no_output_delay (83)
--------------------------------
 There are 83 ports with no output delay specified. (HIGH)

 There are 0 ports with no output delay but user has a false path constraint

 There are 0 ports with no output delay but with a timing clock defined on it or propagating through it


7. checking multiple_clock (0)
------------------------------
 There are 0 register/latch pins with multiple clocks.


8. checking generated_clocks (0)
--------------------------------
 There are 0 generated clocks that are not connected to a clock source.


9. checking loops (0)
---------------------
 There are 0 combinational loops in the design.


10. checking partial_input_delay (0)
------------------------------------
 There are 0 input ports with partial input delay specified.


11. checking partial_output_delay (0)
-------------------------------------
 There are 0 ports with partial output delay specified.


12. checking latch_loops (0)
----------------------------
 There are 0 combinational latch loops in the design through latch input



------------------------------------------------------------------------------------------------
| Design Timing Summary
| ---------------------
------------------------------------------------------------------------------------------------

    WNS(ns)      TNS(ns)  TNS Failing Endpoints  TNS Total Endpoints      WHS(ns)      THS(ns)  THS Failing Endpoints  THS Total Endpoints     WPWS(ns)     TPWS(ns)  TPWS Failing Endpoints  TPWS Total Endpoints  
    -------      -------  ---------------------  -------------------      -------      -------  ---------------------  -------------------     --------     --------  ----------------------  --------------------  
     -0.273       -4.370                     30                  285        0.189        0.000                      0                  285        1.500        0.000                       0                   148  


Timing constraints are not met.


------------------------------------------------------------------------------------------------
| Clock Summary
| -------------
------------------------------------------------------------------------------------------------

Clock  Waveform(ns)         Period(ns)      Frequency(MHz)
-----  ------------         ----------      --------------
clk    {0.000 2.000}        4.000           250.000         


------------------------------------------------------------------------------------------------
| Intra Clock Table
| -----------------
------------------------------------------------------------------------------------------------

Clock             WNS(ns)      TNS(ns)  TNS Failing Endpoints  TNS Total Endpoints      WHS(ns)      THS(ns)  THS Failing Endpoints  THS Total Endpoints     WPWS(ns)     TPWS(ns)  TPWS Failing Endpoints  TPWS Total Endpoints  
-----             -------      -------  ---------------------  -------------------      -------      -------  ---------------------  -------------------     --------     --------  ----------------------  --------------------  
clk                -0.273       -4.370                     30                  285        0.189        0.000                      0                  285        1.500        0.000                       0                   148  


------------------------------------------------------------------------------------------------
| Inter Clock Table
| -----------------
------------------------------------------------------------------------------------------------

From Clock    To Clock          WNS(ns)      TNS(ns)  TNS Failing Endpoints  TNS Total Endpoints      WHS(ns)      THS(ns)  THS Failing Endpoints  THS Total Endpoints  
----------    --------          -------      -------  ---------------------  -------------------      -------      -------  ---------------------  -------------------  


------------------------------------------------------------------------------------------------
| Other Path Groups Table
| -----------------------
------------------------------------------------------------------------------------------------

Path Group    From Clock    To Clock          WNS(ns)      TNS(ns)  TNS Failing Endpoints  TNS Total Endpoints      WHS(ns)      THS(ns)  THS Failing Endpoints  THS Total Endpoints  
----------    ----------    --------          -------      -------  ---------------------  -------------------      -------      -------  ---------------------  -------------------  


------------------------------------------------------------------------------------------------
| Timing Details
| --------------
------------------------------------------------------------------------------------------------


---------------------------------------------------------------------------------------------------
From Clock:  clk
  To Clock:  clk

Setup :           30  Failing Endpoints,  Worst Slack       -0.273ns,  Total Violation       -4.370ns
Hold  :            0  Failing Endpoints,  Worst Slack        0.189ns,  Total Violation        0.000ns
PW    :            0  Failing Endpoints,  Worst Slack        1.500ns,  Total Violation        0.000ns
---------------------------------------------------------------------------------------------------


Max Delay Paths
--------------------------------------------------------------------------------------
Slack (VIOLATED) :        -0.273ns  (required time - arrival time)
  Source:                 pass_cycle_counter_reg[2]/C
                            (rising edge-triggered cell FDCE clocked by clk  {rise@0.000ns fall@2.000ns period=4.000ns})
  Destination:            wait_counter_reg[6]/D
                            (rising edge-triggered cell FDCE clocked by clk  {rise@0.000ns fall@2.000ns period=4.000ns})
  Path Group:             clk
  Path Type:              Setup (Max at Slow Process Corner)
  Requirement:            4.000ns  (clk rise@4.000ns - clk rise@0.000ns)
  Data Path Delay:        4.231ns  (logic 2.491ns (58.869%)  route 1.740ns (41.131%))
  Logic Levels:           10  (CARRY4=8 LUT2=1 LUT4=1)
  Clock Path Skew:        -0.039ns (DCD - SCD + CPR)
    Destination Clock Delay (DCD):    0.748ns = ( 4.748 - 4.000 ) 
    Source Clock Delay      (SCD):    0.787ns
    Clock Pessimism Removal (CPR):    0.000ns
  Clock Uncertainty:      0.035ns  ((TSJ^2 + TIJ^2)^1/2 + DJ) / 2 + PE
    Total System Jitter     (TSJ):    0.071ns
    Total Input Jitter      (TIJ):    0.000ns
    Discrete Jitter          (DJ):    0.000ns
    Phase Error              (PE):    0.000ns

    Location             Delay type                Incr(ns)  Path(ns)    Netlist Resource(s)
  -------------------------------------------------------------------    -------------------
                         (clock clk rise edge)        0.000     0.000 r  
                                                      0.000     0.000 r  clk (IN)
                         net (fo=147, unset)          0.787     0.787    clk
    SLICE_X15Y112        FDCE                                         r  pass_cycle_counter_reg[2]/C
  -------------------------------------------------------------------    -------------------
    SLICE_X15Y112        FDCE (Prop_fdce_C_Q)         0.379     1.166 r  pass_cycle_counter_reg[2]/Q
                         net (fo=2, routed)           0.382     1.548    pass_cycle_counter_reg[2]
    SLICE_X16Y112        CARRY4 (Prop_carry4_S[1]_CO[3])
                                                      0.549     2.097 r  last_pass_cycles_reg[4]_i_1/CO[3]
                         net (fo=1, routed)           0.000     2.097    last_pass_cycles_reg[4]_i_1_n_0
    SLICE_X16Y113        CARRY4 (Prop_carry4_CI_CO[3])
                                                      0.100     2.197 r  last_pass_cycles_reg[8]_i_1/CO[3]
                         net (fo=1, routed)           0.000     2.197    last_pass_cycles_reg[8]_i_1_n_0
    SLICE_X16Y114        CARRY4 (Prop_carry4_CI_CO[3])
                                                      0.100     2.297 r  last_pass_cycles_reg[12]_i_1/CO[3]
                         net (fo=1, routed)           0.000     2.297    last_pass_cycles_reg[12]_i_1_n_0
    SLICE_X16Y115        CARRY4 (Prop_carry4_CI_CO[3])
                                                      0.100     2.397 r  last_pass_cycles_reg[16]_i_1/CO[3]
                         net (fo=1, routed)           0.000     2.397    last_pass_cycles_reg[16]_i_1_n_0
    SLICE_X16Y116        CARRY4 (Prop_carry4_CI_CO[3])
                                                      0.100     2.497 r  last_pass_cycles_reg[20]_i_1/CO[3]
                         net (fo=1, routed)           0.000     2.497    last_pass_cycles_reg[20]_i_1_n_0
    SLICE_X16Y117        CARRY4 (Prop_carry4_CI_CO[3])
                                                      0.100     2.597 r  last_pass_cycles_reg[24]_i_1/CO[3]
                         net (fo=1, routed)           0.000     2.597    last_pass_cycles_reg[24]_i_1_n_0
    SLICE_X16Y118        CARRY4 (Prop_carry4_CI_O[1])
                                                      0.269     2.866 f  last_pass_cycles_reg[28]_i_1/O[1]
                         net (fo=3, routed)           0.484     3.350    completed_pass_cycles[26]
    SLICE_X18Y116        LUT2 (Prop_lut2_I1_O)        0.245     3.595 r  wait_counter[31]_i_12/O
                         net (fo=1, routed)           0.000     3.595    wait_counter[31]_i_12_n_0
    SLICE_X18Y116        CARRY4 (Prop_carry4_S[1]_CO[3])
                                                      0.444     4.039 r  wait_counter_reg[31]_i_4/CO[3]
                         net (fo=32, routed)          0.875     4.913    compensated_wait_cycles1
    SLICE_X19Y116        LUT4 (Prop_lut4_I0_O)        0.105     5.018 r  wait_counter[6]_i_1/O
                         net (fo=1, routed)           0.000     5.018    wait_counter[6]_i_1_n_0
    SLICE_X19Y116        FDCE                                         r  wait_counter_reg[6]/D
  -------------------------------------------------------------------    -------------------

                         (clock clk rise edge)        4.000     4.000 r  
                                                      0.000     4.000 r  clk (IN)
                         net (fo=147, unset)          0.748     4.748    clk
    SLICE_X19Y116        FDCE                                         r  wait_counter_reg[6]/C
                         clock pessimism              0.000     4.748    
                         clock uncertainty           -0.035     4.712    
    SLICE_X19Y116        FDCE (Setup_fdce_C_D)        0.033     4.745    wait_counter_reg[6]
  -------------------------------------------------------------------
                         required time                          4.745    
                         arrival time                          -5.018    
  -------------------------------------------------------------------
                         slack                                 -0.273    





Min Delay Paths
--------------------------------------------------------------------------------------
Slack (MET) :             0.189ns  (arrival time - required time)
  Source:                 control_age_cycles_reg[0]/C
                            (rising edge-triggered cell FDCE clocked by clk  {rise@0.000ns fall@2.000ns period=4.000ns})
  Destination:            control_age_cycles_reg[0]/D
                            (rising edge-triggered cell FDCE clocked by clk  {rise@0.000ns fall@2.000ns period=4.000ns})
  Path Group:             clk
  Path Type:              Hold (Min at Fast Process Corner)
  Requirement:            0.000ns  (clk rise@0.000ns - clk rise@0.000ns)
  Data Path Delay:        0.331ns  (logic 0.209ns (63.190%)  route 0.122ns (36.810%))
  Logic Levels:           1  (LUT2=1)
  Clock Path Skew:        0.021ns (DCD - SCD - CPR)
    Destination Clock Delay (DCD):    0.411ns
    Source Clock Delay      (SCD):    0.390ns
    Clock Pessimism Removal (CPR):    -0.000ns

    Location             Delay type                Incr(ns)  Path(ns)    Netlist Resource(s)
  -------------------------------------------------------------------    -------------------
                         (clock clk rise edge)        0.000     0.000 r  
                                                      0.000     0.000 r  clk (IN)
                         net (fo=147, unset)          0.390     0.390    clk
    SLICE_X18Y110        FDCE                                         r  control_age_cycles_reg[0]/C
  -------------------------------------------------------------------    -------------------
    SLICE_X18Y110        FDCE (Prop_fdce_C_Q)         0.164     0.554 f  control_age_cycles_reg[0]/Q
                         net (fo=2, routed)           0.122     0.676    control_age_cycles[0]
    SLICE_X18Y110        LUT2 (Prop_lut2_I1_O)        0.045     0.721 r  control_age_cycles[0]_i_1/O
                         net (fo=1, routed)           0.000     0.721    p_1_in[0]
    SLICE_X18Y110        FDCE                                         r  control_age_cycles_reg[0]/D
  -------------------------------------------------------------------    -------------------

                         (clock clk rise edge)        0.000     0.000 r  
                                                      0.000     0.000 r  clk (IN)
                         net (fo=147, unset)          0.411     0.411    clk
    SLICE_X18Y110        FDCE                                         r  control_age_cycles_reg[0]/C
                         clock pessimism              0.000     0.411    
    SLICE_X18Y110        FDCE (Hold_fdce_C_D)         0.121     0.532    control_age_cycles_reg[0]
  -------------------------------------------------------------------
                         required time                         -0.532    
                         arrival time                           0.721    
  -------------------------------------------------------------------
                         slack                                  0.189    





Pulse Width Checks
--------------------------------------------------------------------------------------
Clock Name:         clk
Waveform(ns):       { 0.000 2.000 }
Period(ns):         4.000
Sources:            { clk }

Check Type        Corner  Lib Pin  Reference Pin  Required(ns)  Actual(ns)  Slack(ns)  Location       Pin
Min Period        n/a     FDCE/C   n/a            1.000         4.000       3.000      SLICE_X20Y111  commanded_period_index_reg[0]/C
Low Pulse Width   Slow    FDCE/C   n/a            0.500         2.000       1.500      SLICE_X20Y111  commanded_period_index_reg[0]/C
High Pulse Width  Slow    FDCE/C   n/a            0.500         2.000       1.500      SLICE_X20Y111  commanded_period_index_reg[0]/C



