Copyright 1986-2022 Xilinx, Inc. All Rights Reserved. Copyright 2022-2025 Advanced Micro Devices, Inc. All Rights Reserved.
-----------------------------------------------------------------------------------------------------------------------------------------------------------------------------------------------------------------
| Tool Version : Vivado v.2025.2 (lin64) Build 6299465 Fri Nov 14 12:34:56 MST 2025
| Date         : Tue Jun  9 19:14:37 2026
| Host         : kompik running 64-bit Ubuntu 26.04 LTS
| Command      : report_timing_summary -file /home/z3tm4n/diss-work/chapter4-risk-limited-scrubber/results/vivado_ooc/runs/measured_error_scrub_controller_300p030MHz/timing_measured_error_scrub_controller.rpt
| Design       : measured_error_scrub_controller
| Device       : 7a200t-fbg484
| Speed File   : -2  PRODUCTION 1.23 2018-06-13
| Design State : Routed
-----------------------------------------------------------------------------------------------------------------------------------------------------------------------------------------------------------------

Timing Summary Report

------------------------------------------------------------------------------------------------
| Timer Settings
| --------------
------------------------------------------------------------------------------------------------

  Enable Multi Corner Analysis               :  Yes
  Enable Pessimism Removal                   :  Yes
  Pessimism Removal Resolution               :  Nearest Common Node
  Enable Input Delay Default Clock           :  No
  Enable Preset / Clear Arcs                 :  No
  Disable Flight Delays                      :  No
  Ignore I/O Paths                           :  No
  Timing Early Launch at Borrowing Latches   :  No
  Borrow Time for Max Delay Exceptions       :  Yes
  Merge Timing Exceptions                    :  Yes
  Inter-SLR Compensation                     :  Conservative

  Corner  Analyze    Analyze    
  Name    Max Paths  Min Paths  
  ------  ---------  ---------  
  Slow    Yes        Yes        
  Fast    Yes        Yes        


------------------------------------------------------------------------------------------------
| Report Methodology
| ------------------
------------------------------------------------------------------------------------------------

No report available as report_methodology has not been run prior. Run report_methodology on the current design for the summary of methodology violations.



check_timing report

Table of Contents
-----------------
1. checking no_clock (0)
2. checking constant_clock (0)
3. checking pulse_width_clock (0)
4. checking unconstrained_internal_endpoints (0)
5. checking no_input_delay (43)
6. checking no_output_delay (476)
7. checking multiple_clock (0)
8. checking generated_clocks (0)
9. checking loops (0)
10. checking partial_input_delay (0)
11. checking partial_output_delay (0)
12. checking latch_loops (0)

1. checking no_clock (0)
------------------------
 There are 0 register/latch pins with no clock.


2. checking constant_clock (0)
------------------------------
 There are 0 register/latch pins with constant_clock.


3. checking pulse_width_clock (0)
---------------------------------
 There are 0 register/latch pins which need pulse_width check


4. checking unconstrained_internal_endpoints (0)
------------------------------------------------
 There are 0 pins that are not constrained for maximum delay.

 There are 0 pins that are not constrained for maximum delay due to constant clock.


5. checking no_input_delay (43)
-------------------------------
 There are 43 input ports with no input delay specified. (HIGH)

 There are 0 input ports with no input delay but user has a false path constraint.


6. checking no_output_delay (476)
---------------------------------
 There are 476 ports with no output delay specified. (HIGH)

 There are 0 ports with no output delay but user has a false path constraint

 There are 0 ports with no output delay but with a timing clock defined on it or propagating through it


7. checking multiple_clock (0)
------------------------------
 There are 0 register/latch pins with multiple clocks.


8. checking generated_clocks (0)
--------------------------------
 There are 0 generated clocks that are not connected to a clock source.


9. checking loops (0)
---------------------
 There are 0 combinational loops in the design.


10. checking partial_input_delay (0)
------------------------------------
 There are 0 input ports with partial input delay specified.


11. checking partial_output_delay (0)
-------------------------------------
 There are 0 ports with partial output delay specified.


12. checking latch_loops (0)
----------------------------
 There are 0 combinational latch loops in the design through latch input



------------------------------------------------------------------------------------------------
| Design Timing Summary
| ---------------------
------------------------------------------------------------------------------------------------

    WNS(ns)      TNS(ns)  TNS Failing Endpoints  TNS Total Endpoints      WHS(ns)      THS(ns)  THS Failing Endpoints  THS Total Endpoints     WPWS(ns)     TPWS(ns)  TPWS Failing Endpoints  TPWS Total Endpoints  
    -------      -------  ---------------------  -------------------      -------      -------  ---------------------  -------------------     --------     --------  ----------------------  --------------------  
     -2.553    -1051.674                    727                 1880        0.204        0.000                      0                 1880        1.166        0.000                       0                   957  


Timing constraints are not met.


------------------------------------------------------------------------------------------------
| Clock Summary
| -------------
------------------------------------------------------------------------------------------------

Clock  Waveform(ns)         Period(ns)      Frequency(MHz)
-----  ------------         ----------      --------------
clk    {0.000 1.666}        3.333           300.030         


------------------------------------------------------------------------------------------------
| Intra Clock Table
| -----------------
------------------------------------------------------------------------------------------------

Clock             WNS(ns)      TNS(ns)  TNS Failing Endpoints  TNS Total Endpoints      WHS(ns)      THS(ns)  THS Failing Endpoints  THS Total Endpoints     WPWS(ns)     TPWS(ns)  TPWS Failing Endpoints  TPWS Total Endpoints  
-----             -------      -------  ---------------------  -------------------      -------      -------  ---------------------  -------------------     --------     --------  ----------------------  --------------------  
clk                -2.553    -1051.674                    727                 1880        0.204        0.000                      0                 1880        1.166        0.000                       0                   957  


------------------------------------------------------------------------------------------------
| Inter Clock Table
| -----------------
------------------------------------------------------------------------------------------------

From Clock    To Clock          WNS(ns)      TNS(ns)  TNS Failing Endpoints  TNS Total Endpoints      WHS(ns)      THS(ns)  THS Failing Endpoints  THS Total Endpoints  
----------    --------          -------      -------  ---------------------  -------------------      -------      -------  ---------------------  -------------------  


------------------------------------------------------------------------------------------------
| Other Path Groups Table
| -----------------------
------------------------------------------------------------------------------------------------

Path Group    From Clock    To Clock          WNS(ns)      TNS(ns)  TNS Failing Endpoints  TNS Total Endpoints      WHS(ns)      THS(ns)  THS Failing Endpoints  THS Total Endpoints  
----------    ----------    --------          -------      -------  ---------------------  -------------------      -------      -------  ---------------------  -------------------  


------------------------------------------------------------------------------------------------
| Timing Details
| --------------
------------------------------------------------------------------------------------------------


---------------------------------------------------------------------------------------------------
From Clock:  clk
  To Clock:  clk

Setup :          727  Failing Endpoints,  Worst Slack       -2.553ns,  Total Violation    -1051.674ns
Hold  :            0  Failing Endpoints,  Worst Slack        0.204ns,  Total Violation        0.000ns
PW    :            0  Failing Endpoints,  Worst Slack        1.166ns,  Total Violation        0.000ns
---------------------------------------------------------------------------------------------------


Max Delay Paths
--------------------------------------------------------------------------------------
Slack (VIOLATED) :        -2.553ns  (required time - arrival time)
  Source:                 controller/pass_engine/current_addr_reg[9]/C
                            (rising edge-triggered cell FDCE clocked by clk  {rise@0.000ns fall@1.666ns period=3.333ns})
  Destination:            controller/diagnostic/due_tracker_addr_reg[5][13]/CE
                            (rising edge-triggered cell FDCE clocked by clk  {rise@0.000ns fall@1.666ns period=3.333ns})
  Path Group:             clk
  Path Type:              Setup (Max at Slow Process Corner)
  Requirement:            3.333ns  (clk rise@3.333ns - clk rise@0.000ns)
  Data Path Delay:        5.643ns  (logic 1.730ns (30.658%)  route 3.913ns (69.342%))
  Logic Levels:           7  (CARRY4=2 LUT3=1 LUT4=2 LUT6=2)
  Clock Path Skew:        -0.039ns (DCD - SCD + CPR)
    Destination Clock Delay (DCD):    0.748ns = ( 4.081 - 3.333 ) 
    Source Clock Delay      (SCD):    0.787ns
    Clock Pessimism Removal (CPR):    0.000ns
  Clock Uncertainty:      0.035ns  ((TSJ^2 + TIJ^2)^1/2 + DJ) / 2 + PE
    Total System Jitter     (TSJ):    0.071ns
    Total Input Jitter      (TIJ):    0.000ns
    Discrete Jitter          (DJ):    0.000ns
    Phase Error              (PE):    0.000ns

    Location             Delay type                Incr(ns)  Path(ns)    Netlist Resource(s)
  -------------------------------------------------------------------    -------------------
                         (clock clk rise edge)        0.000     0.000 r  
                                                      0.000     0.000 r  clk (IN)
                         net (fo=956, unset)          0.787     0.787    controller/pass_engine/clk
    SLICE_X16Y103        FDCE                                         r  controller/pass_engine/current_addr_reg[9]/C
  -------------------------------------------------------------------    -------------------
    SLICE_X16Y103        FDCE (Prop_fdce_C_Q)         0.398     1.185 r  controller/pass_engine/current_addr_reg[9]/Q
                         net (fo=34, routed)          1.030     2.215    controller/diagnostic/due_tracker_addr_reg[15][20]_0[9]
    SLICE_X11Y102        LUT6 (Prop_lut6_I1_O)        0.234     2.449 r  controller/diagnostic/due_tracker_hit2_carry_i_1/O
                         net (fo=1, routed)           0.000     2.449    controller/diagnostic/due_tracker_hit2_carry_i_1_n_0
    SLICE_X11Y102        CARRY4 (Prop_carry4_S[3]_CO[3])
                                                      0.332     2.781 r  controller/diagnostic/due_tracker_hit2_carry/CO[3]
                         net (fo=1, routed)           0.000     2.781    controller/diagnostic/due_tracker_hit2_carry_n_0
    SLICE_X11Y103        CARRY4 (Prop_carry4_CI_CO[2])
                                                      0.190     2.971 f  controller/diagnostic/due_tracker_hit2_carry__0/CO[2]
                         net (fo=1, routed)           0.539     3.510    controller/diagnostic/due_tracker_hit2__6
    SLICE_X10Y105        LUT4 (Prop_lut4_I0_O)        0.261     3.771 f  controller/diagnostic/persistent_due_flag_i_8/O
                         net (fo=2, routed)           0.808     4.579    controller/diagnostic/persistent_due_flag_i_8_n_0
    SLICE_X14Y106        LUT4 (Prop_lut4_I0_O)        0.105     4.684 f  controller/diagnostic/due_tracker_valid[15]_i_10/O
                         net (fo=4, routed)           0.475     5.160    controller/diagnostic/due_tracker_valid[15]_i_10_n_0
    SLICE_X13Y109        LUT6 (Prop_lut6_I3_O)        0.105     5.265 f  controller/diagnostic/due_tracker_valid[7]_i_2/O
                         net (fo=8, routed)           0.620     5.885    controller/diagnostic/due_tracker_valid[7]_i_2_n_0
    SLICE_X11Y109        LUT3 (Prop_lut3_I2_O)        0.105     5.990 r  controller/diagnostic/due_tracker_addr[5][20]_i_1/O
                         net (fo=21, routed)          0.440     6.430    controller/diagnostic/due_tracker_addr[5][20]_i_1_n_0
    SLICE_X11Y111        FDCE                                         r  controller/diagnostic/due_tracker_addr_reg[5][13]/CE
  -------------------------------------------------------------------    -------------------

                         (clock clk rise edge)        3.333     3.333 r  
                                                      0.000     3.333 r  clk (IN)
                         net (fo=956, unset)          0.748     4.081    controller/diagnostic/clk
    SLICE_X11Y111        FDCE                                         r  controller/diagnostic/due_tracker_addr_reg[5][13]/C
                         clock pessimism              0.000     4.081    
                         clock uncertainty           -0.035     4.045    
    SLICE_X11Y111        FDCE (Setup_fdce_C_CE)      -0.168     3.877    controller/diagnostic/due_tracker_addr_reg[5][13]
  -------------------------------------------------------------------
                         required time                          3.877    
                         arrival time                          -6.430    
  -------------------------------------------------------------------
                         slack                                 -2.553    





Min Delay Paths
--------------------------------------------------------------------------------------
Slack (MET) :             0.204ns  (arrival time - required time)
  Source:                 controller/pass_engine/pass_active_reg/C
                            (rising edge-triggered cell FDCE clocked by clk  {rise@0.000ns fall@1.666ns period=3.333ns})
  Destination:            controller/pass_engine/pass_active_reg/D
                            (rising edge-triggered cell FDCE clocked by clk  {rise@0.000ns fall@1.666ns period=3.333ns})
  Path Group:             clk
  Path Type:              Hold (Min at Fast Process Corner)
  Requirement:            0.000ns  (clk rise@0.000ns - clk rise@0.000ns)
  Data Path Delay:        0.345ns  (logic 0.209ns (60.501%)  route 0.136ns (39.499%))
  Logic Levels:           1  (LUT6=1)
  Clock Path Skew:        0.021ns (DCD - SCD - CPR)
    Destination Clock Delay (DCD):    0.411ns
    Source Clock Delay      (SCD):    0.390ns
    Clock Pessimism Removal (CPR):    -0.000ns

    Location             Delay type                Incr(ns)  Path(ns)    Netlist Resource(s)
  -------------------------------------------------------------------    -------------------
                         (clock clk rise edge)        0.000     0.000 r  
                                                      0.000     0.000 r  clk (IN)
                         net (fo=956, unset)          0.390     0.390    controller/pass_engine/clk
    SLICE_X22Y109        FDCE                                         r  controller/pass_engine/pass_active_reg/C
  -------------------------------------------------------------------    -------------------
    SLICE_X22Y109        FDCE (Prop_fdce_C_Q)         0.164     0.554 r  controller/pass_engine/pass_active_reg/Q
                         net (fo=1, routed)           0.136     0.691    controller/pass_engine/pass_active
    SLICE_X22Y109        LUT6 (Prop_lut6_I5_O)        0.045     0.736 r  controller/pass_engine/pass_active_i_1/O
                         net (fo=1, routed)           0.000     0.736    controller/pass_engine/pass_active_i_1_n_0
    SLICE_X22Y109        FDCE                                         r  controller/pass_engine/pass_active_reg/D
  -------------------------------------------------------------------    -------------------

                         (clock clk rise edge)        0.000     0.000 r  
                                                      0.000     0.000 r  clk (IN)
                         net (fo=956, unset)          0.411     0.411    controller/pass_engine/clk
    SLICE_X22Y109        FDCE                                         r  controller/pass_engine/pass_active_reg/C
                         clock pessimism              0.000     0.411    
    SLICE_X22Y109        FDCE (Hold_fdce_C_D)         0.121     0.532    controller/pass_engine/pass_active_reg
  -------------------------------------------------------------------
                         required time                         -0.532    
                         arrival time                           0.736    
  -------------------------------------------------------------------
                         slack                                  0.204    





Pulse Width Checks
--------------------------------------------------------------------------------------
Clock Name:         clk
Waveform(ns):       { 0.000 1.666 }
Period(ns):         3.333
Sources:            { clk }

Check Type        Corner  Lib Pin  Reference Pin  Required(ns)  Actual(ns)  Slack(ns)  Location       Pin
Min Period        n/a     FDCE/C   n/a            1.000         3.333       2.333      SLICE_X10Y105  controller/diagnostic/alert_event_count_reg[0]/C
Low Pulse Width   Slow    FDCE/C   n/a            0.500         1.667       1.167      SLICE_X10Y105  controller/diagnostic/alert_event_count_reg[0]/C
High Pulse Width  Slow    FDCE/C   n/a            0.500         1.667       1.167      SLICE_X10Y105  controller/diagnostic/alert_event_count_reg[0]/C



